Archive member included to satisfy reference by file (symbol)

c:/programfiles/stm32cubeide_1.0.1/stm32cubeide/plugins/com.st.stm32cube.ide.mcu.externaltools.gnu-tools-for-stm32.7-2018-q2-update.win32_1.0.0.201904181610/tools/bin/../lib/gcc/arm-none-eabi/7.3.1/../../../../arm-none-eabi/lib/thumb/v7e-m/fpv4-sp/hard\libc_nano.a(lib_a-errno.o)
                              Core/Src/syscalls.o (__errno)
c:/programfiles/stm32cubeide_1.0.1/stm32cubeide/plugins/com.st.stm32cube.ide.mcu.externaltools.gnu-tools-for-stm32.7-2018-q2-update.win32_1.0.0.201904181610/tools/bin/../lib/gcc/arm-none-eabi/7.3.1/../../../../arm-none-eabi/lib/thumb/v7e-m/fpv4-sp/hard\libc_nano.a(lib_a-exit.o)
                              c:/programfiles/stm32cubeide_1.0.1/stm32cubeide/plugins/com.st.stm32cube.ide.mcu.externaltools.gnu-tools-for-stm32.7-2018-q2-update.win32_1.0.0.201904181610/tools/bin/../lib/gcc/arm-none-eabi/7.3.1/../../../../arm-none-eabi/lib/thumb/v7e-m/fpv4-sp/hard/crt0.o (exit)
c:/programfiles/stm32cubeide_1.0.1/stm32cubeide/plugins/com.st.stm32cube.ide.mcu.externaltools.gnu-tools-for-stm32.7-2018-q2-update.win32_1.0.0.201904181610/tools/bin/../lib/gcc/arm-none-eabi/7.3.1/../../../../arm-none-eabi/lib/thumb/v7e-m/fpv4-sp/hard\libc_nano.a(lib_a-impure.o)
                              c:/programfiles/stm32cubeide_1.0.1/stm32cubeide/plugins/com.st.stm32cube.ide.mcu.externaltools.gnu-tools-for-stm32.7-2018-q2-update.win32_1.0.0.201904181610/tools/bin/../lib/gcc/arm-none-eabi/7.3.1/../../../../arm-none-eabi/lib/thumb/v7e-m/fpv4-sp/hard\libc_nano.a(lib_a-exit.o) (_global_impure_ptr)
c:/programfiles/stm32cubeide_1.0.1/stm32cubeide/plugins/com.st.stm32cube.ide.mcu.externaltools.gnu-tools-for-stm32.7-2018-q2-update.win32_1.0.0.201904181610/tools/bin/../lib/gcc/arm-none-eabi/7.3.1/../../../../arm-none-eabi/lib/thumb/v7e-m/fpv4-sp/hard\libc_nano.a(lib_a-init.o)
                              c:/programfiles/stm32cubeide_1.0.1/stm32cubeide/plugins/com.st.stm32cube.ide.mcu.externaltools.gnu-tools-for-stm32.7-2018-q2-update.win32_1.0.0.201904181610/tools/bin/../lib/gcc/arm-none-eabi/7.3.1/../../../../arm-none-eabi/lib/thumb/v7e-m/fpv4-sp/hard/crt0.o (__libc_init_array)
c:/programfiles/stm32cubeide_1.0.1/stm32cubeide/plugins/com.st.stm32cube.ide.mcu.externaltools.gnu-tools-for-stm32.7-2018-q2-update.win32_1.0.0.201904181610/tools/bin/../lib/gcc/arm-none-eabi/7.3.1/../../../../arm-none-eabi/lib/thumb/v7e-m/fpv4-sp/hard\libc_nano.a(lib_a-memset.o)
                              c:/programfiles/stm32cubeide_1.0.1/stm32cubeide/plugins/com.st.stm32cube.ide.mcu.externaltools.gnu-tools-for-stm32.7-2018-q2-update.win32_1.0.0.201904181610/tools/bin/../lib/gcc/arm-none-eabi/7.3.1/../../../../arm-none-eabi/lib/thumb/v7e-m/fpv4-sp/hard/crt0.o (memset)
c:/programfiles/stm32cubeide_1.0.1/stm32cubeide/plugins/com.st.stm32cube.ide.mcu.externaltools.gnu-tools-for-stm32.7-2018-q2-update.win32_1.0.0.201904181610/tools/bin/../lib/gcc/arm-none-eabi/7.3.1/thumb/v7e-m/fpv4-sp/hard\libgcc.a(_arm_addsubdf3.o)
                              Core/Src/App/Estimation.o (__aeabi_dadd)
c:/programfiles/stm32cubeide_1.0.1/stm32cubeide/plugins/com.st.stm32cube.ide.mcu.externaltools.gnu-tools-for-stm32.7-2018-q2-update.win32_1.0.0.201904181610/tools/bin/../lib/gcc/arm-none-eabi/7.3.1/thumb/v7e-m/fpv4-sp/hard\libgcc.a(_arm_muldivdf3.o)
                              Core/Src/App/Estimation.o (__aeabi_dmul)
c:/programfiles/stm32cubeide_1.0.1/stm32cubeide/plugins/com.st.stm32cube.ide.mcu.externaltools.gnu-tools-for-stm32.7-2018-q2-update.win32_1.0.0.201904181610/tools/bin/../lib/gcc/arm-none-eabi/7.3.1/thumb/v7e-m/fpv4-sp/hard\libgcc.a(_arm_fixdfsi.o)
                              Core/Src/App/PID_Controller.o (__aeabi_d2iz)
c:/programfiles/stm32cubeide_1.0.1/stm32cubeide/plugins/com.st.stm32cube.ide.mcu.externaltools.gnu-tools-for-stm32.7-2018-q2-update.win32_1.0.0.201904181610/tools/bin/../lib/gcc/arm-none-eabi/7.3.1/thumb/v7e-m/fpv4-sp/hard\libgcc.a(_arm_truncdfsf2.o)
                              Core/Src/App/Estimation.o (__aeabi_d2f)
c:/programfiles/stm32cubeide_1.0.1/stm32cubeide/plugins/com.st.stm32cube.ide.mcu.externaltools.gnu-tools-for-stm32.7-2018-q2-update.win32_1.0.0.201904181610/tools/bin/../lib/gcc/arm-none-eabi/7.3.1/thumb/v7e-m/fpv4-sp/hard\libgcc.a(_aeabi_uldivmod.o)
                              Drivers/STM32L4xx_HAL_Driver/Src/stm32l4xx_hal_uart.o (__aeabi_uldivmod)
c:/programfiles/stm32cubeide_1.0.1/stm32cubeide/plugins/com.st.stm32cube.ide.mcu.externaltools.gnu-tools-for-stm32.7-2018-q2-update.win32_1.0.0.201904181610/tools/bin/../lib/gcc/arm-none-eabi/7.3.1/thumb/v7e-m/fpv4-sp/hard\libgcc.a(_udivmoddi4.o)
                              c:/programfiles/stm32cubeide_1.0.1/stm32cubeide/plugins/com.st.stm32cube.ide.mcu.externaltools.gnu-tools-for-stm32.7-2018-q2-update.win32_1.0.0.201904181610/tools/bin/../lib/gcc/arm-none-eabi/7.3.1/thumb/v7e-m/fpv4-sp/hard\libgcc.a(_aeabi_uldivmod.o) (__udivmoddi4)
[...]
Memory Configuration

Name             Origin             Length             Attributes
RAM              0x0000000020000000 0x00000000000a0000 xrw
FLASH            0x0000000008000000 0x0000000000200000 xr
*default*        0x0000000000000000 0xffffffffffffffff

Linker script and memory map

LOAD c:/programfiles/stm32cubeide_1.0.1/stm32cubeide/plugins/com.st.stm32cube.ide.mcu.externaltools.gnu-tools-for-stm32.7-2018-q2-update.win32_1.0.0.201904181610/tools/bin/../lib/gcc/arm-none-eabi/7.3.1/thumb/v7e-m/fpv4-sp/hard/crti.o
LOAD c:/programfiles/stm32cubeide_1.0.1/stm32cubeide/plugins/com.st.stm32cube.ide.mcu.externaltools.gnu-tools-for-stm32.7-2018-q2-update.win32_1.0.0.201904181610/tools/bin/../lib/gcc/arm-none-eabi/7.3.1/thumb/v7e-m/fpv4-sp/hard/crtbegin.o
LOAD c:/programfiles/stm32cubeide_1.0.1/stm32cubeide/plugins/com.st.stm32cube.ide.mcu.externaltools.gnu-tools-for-stm32.7-2018-q2-update.win32_1.0.0.201904181610/tools/bin/../lib/gcc/arm-none-eabi/7.3.1/../../../../arm-none-eabi/lib/thumb/v7e-m/fpv4-sp/hard/crt0.o
LOAD Core/Src/App/Estimation.o
LOAD Core/Src/App/PID_Controller.o
LOAD Core/Src/App/P_Controller.o
LOAD Core/Src/Driver/Encoder_Counting.o
LOAD Core/Src/Driver/PWM_Generating.o
LOAD Core/Src/Driver/UART.o
LOAD Core/Src/main.o
LOAD Core/Src/stm32l4xx_hal_msp.o
LOAD Core/Src/stm32l4xx_it.o
LOAD Core/Src/syscalls.o
LOAD Core/Src/sysmem.o
LOAD Core/Src/system_stm32l4xx.o
LOAD Core/Startup/startup_stm32l4r5zitx.o
LOAD Drivers/STM32L4xx_HAL_Driver/Src/stm32l4xx_hal.o
LOAD Drivers/STM32L4xx_HAL_Driver/Src/stm32l4xx_hal_cortex.o
LOAD Drivers/STM32L4xx_HAL_Driver/Src/stm32l4xx_hal_dma.o
LOAD Drivers/STM32L4xx_HAL_Driver/Src/stm32l4xx_hal_dma_ex.o
LOAD Drivers/STM32L4xx_HAL_Driver/Src/stm32l4xx_hal_exti.o
LOAD Drivers/STM32L4xx_HAL_Driver/Src/stm32l4xx_hal_flash.o
LOAD Drivers/STM32L4xx_HAL_Driver/Src/stm32l4xx_hal_flash_ex.o
LOAD Drivers/STM32L4xx_HAL_Driver/Src/stm32l4xx_hal_flash_ramfunc.o
LOAD Drivers/STM32L4xx_HAL_Driver/Src/stm32l4xx_hal_gpio.o
LOAD Drivers/STM32L4xx_HAL_Driver/Src/stm32l4xx_hal_i2c.o
LOAD Drivers/STM32L4xx_HAL_Driver/Src/stm32l4xx_hal_i2c_ex.o
LOAD Drivers/STM32L4xx_HAL_Driver/Src/stm32l4xx_hal_pcd.o
LOAD Drivers/STM32L4xx_HAL_Driver/Src/stm32l4xx_hal_pcd_ex.o
LOAD Drivers/STM32L4xx_HAL_Driver/Src/stm32l4xx_hal_pwr.o
LOAD Drivers/STM32L4xx_HAL_Driver/Src/stm32l4xx_hal_pwr_ex.o
LOAD Drivers/STM32L4xx_HAL_Driver/Src/stm32l4xx_hal_rcc.o
LOAD Drivers/STM32L4xx_HAL_Driver/Src/stm32l4xx_hal_rcc_ex.o
LOAD Drivers/STM32L4xx_HAL_Driver/Src/stm32l4xx_hal_tim.o
LOAD Drivers/STM32L4xx_HAL_Driver/Src/stm32l4xx_hal_tim_ex.o
LOAD Drivers/STM32L4xx_HAL_Driver/Src/stm32l4xx_hal_uart.o
LOAD Drivers/STM32L4xx_HAL_Driver/Src/stm32l4xx_hal_uart_ex.o
LOAD Drivers/STM32L4xx_HAL_Driver/Src/stm32l4xx_ll_usb.o
START GROUP
LOAD c:/programfiles/stm32cubeide_1.0.1/stm32cubeide/plugins/com.st.stm32cube.ide.mcu.externaltools.gnu-tools-for-stm32.7-2018-q2-update.win32_1.0.0.201904181610/tools/bin/../lib/gcc/arm-none-eabi/7.3.1/../../../../arm-none-eabi/lib/thumb/v7e-m/fpv4-sp/hard\libc_nano.a
LOAD c:/programfiles/stm32cubeide_1.0.1/stm32cubeide/plugins/com.st.stm32cube.ide.mcu.externaltools.gnu-tools-for-stm32.7-2018-q2-update.win32_1.0.0.201904181610/tools/bin/../lib/gcc/arm-none-eabi/7.3.1/../../../../arm-none-eabi/lib/thumb/v7e-m/fpv4-sp/hard\libm.a
END GROUP
START GROUP
LOAD c:/programfiles/stm32cubeide_1.0.1/stm32cubeide/plugins/com.st.stm32cube.ide.mcu.externaltools.gnu-tools-for-stm32.7-2018-q2-update.win32_1.0.0.201904181610/tools/bin/../lib/gcc/arm-none-eabi/7.3.1/thumb/v7e-m/fpv4-sp/hard\libgcc.a
LOAD c:/programfiles/stm32cubeide_1.0.1/stm32cubeide/plugins/com.st.stm32cube.ide.mcu.externaltools.gnu-tools-for-stm32.7-2018-q2-update.win32_1.0.0.201904181610/tools/bin/../lib/gcc/arm-none-eabi/7.3.1/../../../../arm-none-eabi/lib/thumb/v7e-m/fpv4-sp/hard\libc_nano.a
END GROUP
START GROUP
LOAD c:/programfiles/stm32cubeide_1.0.1/stm32cubeide/plugins/com.st.stm32cube.ide.mcu.externaltools.gnu-tools-for-stm32.7-2018-q2-update.win32_1.0.0.201904181610/tools/bin/../lib/gcc/arm-none-eabi/7.3.1/thumb/v7e-m/fpv4-sp/hard\libgcc.a
LOAD c:/programfiles/stm32cubeide_1.0.1/stm32cubeide/plugins/com.st.stm32cube.ide.mcu.externaltools.gnu-tools-for-stm32.7-2018-q2-update.win32_1.0.0.201904181610/tools/bin/../lib/gcc/arm-none-eabi/7.3.1/../../../../arm-none-eabi/lib/thumb/v7e-m/fpv4-sp/hard\libc_nano.a
LOAD c:/programfiles/stm32cubeide_1.0.1/stm32cubeide/plugins/com.st.stm32cube.ide.mcu.externaltools.gnu-tools-for-stm32.7-2018-q2-update.win32_1.0.0.201904181610/tools/bin/../lib/gcc/arm-none-eabi/7.3.1/../../../../arm-none-eabi/lib/thumb/v7e-m/fpv4-sp/hard\libnosys.a
END GROUP
START GROUP
LOAD c:/programfiles/stm32cubeide_1.0.1/stm32cubeide/plugins/com.st.stm32cube.ide.mcu.externaltools.gnu-tools-for-stm32.7-2018-q2-update.win32_1.0.0.201904181610/tools/bin/../lib/gcc/arm-none-eabi/7.3.1/thumb/v7e-m/fpv4-sp/hard\libgcc.a
LOAD c:/programfiles/stm32cubeide_1.0.1/stm32cubeide/plugins/com.st.stm32cube.ide.mcu.externaltools.gnu-tools-for-stm32.7-2018-q2-update.win32_1.0.0.201904181610/tools/bin/../lib/gcc/arm-none-eabi/7.3.1/../../../../arm-none-eabi/lib/thumb/v7e-m/fpv4-sp/hard\libc_nano.a
LOAD c:/programfiles/stm32cubeide_1.0.1/stm32cubeide/plugins/com.st.stm32cube.ide.mcu.externaltools.gnu-tools-for-stm32.7-2018-q2-update.win32_1.0.0.201904181610/tools/bin/../lib/gcc/arm-none-eabi/7.3.1/../../../../arm-none-eabi/lib/thumb/v7e-m/fpv4-sp/hard\libnosys.a
END GROUP
LOAD c:/programfiles/stm32cubeide_1.0.1/stm32cubeide/plugins/com.st.stm32cube.ide.mcu.externaltools.gnu-tools-for-stm32.7-2018-q2-update.win32_1.0.0.201904181610/tools/bin/../lib/gcc/arm-none-eabi/7.3.1/thumb/v7e-m/fpv4-sp/hard/crtend.o
LOAD c:/programfiles/stm32cubeide_1.0.1/stm32cubeide/plugins/com.st.stm32cube.ide.mcu.externaltools.gnu-tools-for-stm32.7-2018-q2-update.win32_1.0.0.201904181610/tools/bin/../lib/gcc/arm-none-eabi/7.3.1/thumb/v7e-m/fpv4-sp/hard/crtn.o
                0x00000000200a0000                _estack = (ORIGIN (RAM) + LENGTH (RAM))
                0x0000000000000200                _Min_Heap_Size = 0x200
                0x0000000000000400                _Min_Stack_Size = 0x400

.isr_vector     0x0000000008000000      0x1bc
                0x0000000008000000                . = ALIGN (0x4)
 *(.isr_vector)
 .isr_vector    0x0000000008000000      0x1bc Core/Startup/startup_stm32l4r5zitx.o
                0x0000000008000000                g_pfnVectors
                0x00000000080001bc                . = ALIGN (0x4)

.text           0x00000000080001c0     0x87c0
                0x00000000080001c0                . = ALIGN (0x4)
 *(.text)
 .text          0x00000000080001c0       0x40 c:/programfiles/stm32cubeide_1.0.1/stm32cubeide/plugins/com.st.stm32cube.ide.mcu.externaltools.gnu-tools-for-stm32.7-2018-q2-update.win32_1.0.0.201904181610/tools/bin/../lib/gcc/arm-none-eabi/7.3.1/thumb/v7e-m/fpv4-sp/hard/crtbegin.o
 .text          0x0000000008000200      0x378 c:/programfiles/stm32cubeide_1.0.1/stm32cubeide/plugins/com.st.stm32cube.ide.mcu.externaltools.gnu-tools-for-stm32.7-2018-q2-update.win32_1.0.0.201904181610/tools/bin/../lib/gcc/arm-none-eabi/7.3.1/thumb/v7e-m/fpv4-sp/hard\libgcc.a(_arm_addsubdf3.o)
                0x0000000008000200                __aeabi_drsub
                0x0000000008000208                __aeabi_dsub
                0x0000000008000208                __subdf3
                0x000000000800020c                __aeabi_dadd
                0x000000000800020c                __adddf3
                0x0000000008000484                __floatunsidf
                0x0000000008000484                __aeabi_ui2d
                0x00000000080004a4                __floatsidf
                0x00000000080004a4                __aeabi_i2d
                0x00000000080004c8                __aeabi_f2d
                0x00000000080004c8                __extendsfdf2
                0x000000000800050c                __floatundidf
                0x000000000800050c                __aeabi_ul2d
                0x000000000800051c                __floatdidf
                0x000000000800051c                __aeabi_l2d
 .text          0x0000000008000578      0x424 c:/programfiles/stm32cubeide_1.0.1/stm32cubeide/plugins/com.st.stm32cube.ide.mcu.externaltools.gnu-tools-for-stm32.7-2018-q2-update.win32_1.0.0.201904181610/tools/bin/../lib/gcc/arm-none-eabi/7.3.1/thumb/v7e-m/fpv4-sp/hard\libgcc.a(_arm_muldivdf3.o)
                0x0000000008000578                __aeabi_dmul
                0x0000000008000578                __muldf3
                0x00000000080007cc                __divdf3
                0x00000000080007cc                __aeabi_ddiv
 .text          0x000000000800099c       0x50 c:/programfiles/stm32cubeide_1.0.1/stm32cubeide/plugins/com.st.stm32cube.ide.mcu.externaltools.gnu-tools-for-stm32.7-2018-q2-update.win32_1.0.0.201904181610/tools/bin/../lib/gcc/arm-none-eabi/7.3.1/thumb/v7e-m/fpv4-sp/hard\libgcc.a(_arm_fixdfsi.o)
                0x000000000800099c                __aeabi_d2iz
                0x000000000800099c                __fixdfsi
 .text          0x00000000080009ec       0xa0 c:/programfiles/stm32cubeide_1.0.1/stm32cubeide/plugins/com.st.stm32cube.ide.mcu.externaltools.gnu-tools-for-stm32.7-2018-q2-update.win32_1.0.0.201904181610/tools/bin/../lib/gcc/arm-none-eabi/7.3.1/thumb/v7e-m/fpv4-sp/hard\libgcc.a(_arm_truncdfsf2.o)
                0x00000000080009ec                __truncdfsf2
                0x00000000080009ec                __aeabi_d2f
 .text          0x0000000008000a8c       0x30 c:/programfiles/stm32cubeide_1.0.1/stm32cubeide/plugins/com.st.stm32cube.ide.mcu.externaltools.gnu-tools-for-stm32.7-2018-q2-update.win32_1.0.0.201904181610/tools/bin/../lib/gcc/arm-none-eabi/7.3.1/thumb/v7e-m/fpv4-sp/hard\libgcc.a(_aeabi_uldivmod.o)
                0x0000000008000a8c                __aeabi_uldivmod
 .text          0x0000000008000abc      0x2cc c:/programfiles/stm32cubeide_1.0.1/stm32cubeide/plugins/com.st.stm32cube.ide.mcu.externaltools.gnu-tools-for-stm32.7-2018-q2-update.win32_1.0.0.201904181610/tools/bin/../lib/gcc/arm-none-eabi/7.3.1/thumb/v7e-m/fpv4-sp/hard\libgcc.a(_udivmoddi4.o)
                0x0000000008000abc                __udivmoddi4
 .text          0x0000000008000d88        0x4 c:/programfiles/stm32cubeide_1.0.1/stm32cubeide/plugins/com.st.stm32cube.ide.mcu.externaltools.gnu-tools-for-stm32.7-2018-q2-update.win32_1.0.0.201904181610/tools/bin/../lib/gcc/arm-none-eabi/7.3.1/thumb/v7e-m/fpv4-sp/hard\libgcc.a(_dvmd_tls.o)
                0x0000000008000d88                __aeabi_idiv0
                0x0000000008000d88                __aeabi_ldiv0
 *(.text*)
 *fill*         0x0000000008000d8c        0x4 
 .text.Calibrated_PID
                0x0000000008000d90       0x90 Core/Src/App/PID_Controller.o
                0x0000000008000d90                Calibrated_PID
 .text.PID      0x0000000008000e20      0x16c Core/Src/App/PID_Controller.o
                0x0000000008000e20                PID
 .text.ClearPIDController
                0x0000000008000f8c       0x4c Core/Src/App/PID_Controller.o
                0x0000000008000f8c                ClearPIDController
 .text.EncoderCount
                0x0000000008000fd8       0x26 Core/Src/Driver/Encoder_Counting.o
                0x0000000008000fd8                EncoderCount
 .text.EncoderPosCount
                0x0000000008000ffe       0x1e Core/Src/Driver/Encoder_Counting.o
                0x0000000008000ffe                EncoderPosCount
 .text.ClearEncoderCount
                0x000000000800101c       0x1c Core/Src/Driver/Encoder_Counting.o
                0x000000000800101c                ClearEncoderCount
 .text.PWMGen2  0x0000000008001038      0x11a Core/Src/Driver/PWM_Generating.o
                0x0000000008001038                PWMGen2
 *fill*         0x0000000008001152        0x2 
 .text.TransmitData
                0x0000000008001154       0xb4 Core/Src/Driver/UART.o
                0x0000000008001154                TransmitData
 .text.TransmitAndHandshake
                0x0000000008001208       0xac Core/Src/Driver/UART.o
                0x0000000008001208                TransmitAndHandshake
 .text.ReceiveAndHandshake
                0x00000000080012b4       0xd0 Core/Src/Driver/UART.o
                0x00000000080012b4                ReceiveAndHandshake
 .text.ReceiveAck
                0x0000000008001384       0x90 Core/Src/Driver/UART.o
                0x0000000008001384                ReceiveAck
 .text.ReceiveDataofHeader
                0x0000000008001414       0x3e Core/Src/Driver/UART.o
                0x0000000008001414                ReceiveDataofHeader
 .text.Char2Float
                0x0000000008001452       0x62 Core/Src/Driver/UART.o
                0x0000000008001452                Char2Float
 .text.Float2Char
                0x00000000080014b4       0x50 Core/Src/Driver/UART.o
                0x00000000080014b4                Float2Char
 .text.HAL_GPIO_EXTI_Callback
                0x0000000008001504       0x88 Core/Src/main.o
                0x0000000008001504                HAL_GPIO_EXTI_Callback
 .text.HAL_TIM_PeriodElapsedCallback
                0x000000000800158c      0x20c Core/Src/main.o
                0x000000000800158c                HAL_TIM_PeriodElapsedCallback
 .text.HAL_UART_ErrorCallback
                0x0000000008001798       0x2c Core/Src/main.o
                0x0000000008001798                HAL_UART_ErrorCallback
 .text.HAL_UART_RxCpltCallback
                0x00000000080017c4      0x324 Core/Src/main.o
                0x00000000080017c4                HAL_UART_RxCpltCallback
 .text.main     0x0000000008001ae8       0x84 Core/Src/main.o
                0x0000000008001ae8                main
 .text.SystemClock_Config
                0x0000000008001b6c      0x112 Core/Src/main.o
                0x0000000008001b6c                SystemClock_Config
 *fill*         0x0000000008001c7e        0x2 
 .text.MX_LPUART1_UART_Init
                0x0000000008001c80       0x8c Core/Src/main.o
 .text.MX_USART1_UART_Init
                0x0000000008001d0c       0x9c Core/Src/main.o
 .text.MX_USART3_UART_Init
                0x0000000008001da8       0x98 Core/Src/main.o
 .text.MX_TIM2_Init
                0x0000000008001e40       0xa8 Core/Src/main.o
 .text.MX_TIM3_Init
                0x0000000008001ee8       0xec Core/Src/main.o
 .text.MX_TIM4_Init
                0x0000000008001fd4       0x9c Core/Src/main.o
 .text.MX_TIM5_Init
                0x0000000008002070       0x9c Core/Src/main.o
 .text.MX_TIM6_Init
                0x000000000800210c       0x6c Core/Src/main.o
 .text.MX_USB_OTG_FS_PCD_Init
                0x0000000008002178       0x54 Core/Src/main.o
 .text.MX_GPIO_Init
                0x00000000080021cc      0x19c Core/Src/main.o
 .text.Error_Handler
                0x0000000008002368        0xe Core/Src/main.o
                0x0000000008002368                Error_Handler
 *fill*         0x0000000008002376        0x2 
 .text.HAL_MspInit
                0x0000000008002378       0x48 Core/Src/stm32l4xx_hal_msp.o
                0x0000000008002378                HAL_MspInit
 .text.HAL_UART_MspInit
                0x00000000080023c0      0x178 Core/Src/stm32l4xx_hal_msp.o
                0x00000000080023c0                HAL_UART_MspInit
 .text.HAL_TIM_Encoder_MspInit
                0x0000000008002538       0x80 Core/Src/stm32l4xx_hal_msp.o
                0x0000000008002538                HAL_TIM_Encoder_MspInit
 .text.HAL_TIM_Base_MspInit
                0x00000000080025b8       0xd4 Core/Src/stm32l4xx_hal_msp.o
                0x00000000080025b8                HAL_TIM_Base_MspInit
 .text.HAL_TIM_MspPostInit
                0x000000000800268c       0x70 Core/Src/stm32l4xx_hal_msp.o
                0x000000000800268c                HAL_TIM_MspPostInit
 .text.HAL_PCD_MspInit
                0x00000000080026fc       0xd8 Core/Src/stm32l4xx_hal_msp.o
                0x00000000080026fc                HAL_PCD_MspInit
 .text.NMI_Handler
                0x00000000080027d4        0xe Core/Src/stm32l4xx_it.o
                0x00000000080027d4                NMI_Handler
 .text.HardFault_Handler
                0x00000000080027e2        0x6 Core/Src/stm32l4xx_it.o
                0x00000000080027e2                HardFault_Handler
 .text.MemManage_Handler
                0x00000000080027e8        0x6 Core/Src/stm32l4xx_it.o
                0x00000000080027e8                MemManage_Handler
 .text.BusFault_Handler
                0x00000000080027ee        0x6 Core/Src/stm32l4xx_it.o
                0x00000000080027ee                BusFault_Handler
 .text.UsageFault_Handler
                0x00000000080027f4        0x6 Core/Src/stm32l4xx_it.o
                0x00000000080027f4                UsageFault_Handler
 .text.SVC_Handler
                0x00000000080027fa        0xe Core/Src/stm32l4xx_it.o
                0x00000000080027fa                SVC_Handler
 .text.DebugMon_Handler
                0x0000000008002808        0xe Core/Src/stm32l4xx_it.o
                0x0000000008002808                DebugMon_Handler
 .text.PendSV_Handler
                0x0000000008002816        0xe Core/Src/stm32l4xx_it.o
                0x0000000008002816                PendSV_Handler
 .text.SysTick_Handler
                0x0000000008002824        0xc Core/Src/stm32l4xx_it.o
                0x0000000008002824                SysTick_Handler
 .text.TIM4_IRQHandler
                0x0000000008002830       0x14 Core/Src/stm32l4xx_it.o
                0x0000000008002830                TIM4_IRQHandler
 .text.USART1_IRQHandler
                0x0000000008002844       0x14 Core/Src/stm32l4xx_it.o
                0x0000000008002844                USART1_IRQHandler
 .text.EXTI15_10_IRQHandler
                0x0000000008002858       0x10 Core/Src/stm32l4xx_it.o
                0x0000000008002858                EXTI15_10_IRQHandler
 .text.TIM6_DAC_IRQHandler
                0x0000000008002868       0x14 Core/Src/stm32l4xx_it.o
                0x0000000008002868                TIM6_DAC_IRQHandler
 .text.LPUART1_IRQHandler
                0x000000000800287c       0x14 Core/Src/stm32l4xx_it.o
                0x000000000800287c                LPUART1_IRQHandler
 .text.SystemInit
                0x0000000008002890       0x6c Core/Src/system_stm32l4xx.o
                0x0000000008002890                SystemInit
 .text.Reset_Handler
                0x00000000080028fc       0x50 Core/Startup/startup_stm32l4r5zitx.o
                0x00000000080028fc                Reset_Handler
 .text.Default_Handler
                0x000000000800294c        0x2 Core/Startup/startup_stm32l4r5zitx.o
                0x000000000800294c                RTC_Alarm_IRQHandler
                0x000000000800294c                EXTI2_IRQHandler
                0x000000000800294c                TIM8_TRG_COM_IRQHandler
                0x000000000800294c                TIM8_CC_IRQHandler
                0x000000000800294c                TIM1_CC_IRQHandler
                0x000000000800294c                TSC_IRQHandler
                0x000000000800294c                TAMP_STAMP_IRQHandler
                0x000000000800294c                EXTI3_IRQHandler
                0x000000000800294c                LPTIM2_IRQHandler
                0x000000000800294c                DFSDM1_FLT1_IRQHandler
                0x000000000800294c                GFXMMU_IRQHandler
                0x000000000800294c                I2C3_ER_IRQHandler
                0x000000000800294c                DFSDM1_FLT2_IRQHandler
                0x000000000800294c                EXTI0_IRQHandler
                0x000000000800294c                I2C2_EV_IRQHandler
                0x000000000800294c                CAN1_RX0_IRQHandler
                0x000000000800294c                FPU_IRQHandler
                0x000000000800294c                TIM1_UP_TIM16_IRQHandler
                0x000000000800294c                LTDC_ER_IRQHandler
                0x000000000800294c                SPI1_IRQHandler
                0x000000000800294c                OCTOSPI1_IRQHandler
                0x000000000800294c                DCMI_IRQHandler
                0x000000000800294c                TIM8_UP_IRQHandler
                0x000000000800294c                OCTOSPI2_IRQHandler
                0x000000000800294c                DMA2_Channel2_IRQHandler
                0x000000000800294c                DMA1_Channel4_IRQHandler
                0x000000000800294c                SAI2_IRQHandler
                0x000000000800294c                ADC1_IRQHandler
                0x000000000800294c                DFSDM1_FLT3_IRQHandler
                0x000000000800294c                USART3_IRQHandler
                0x000000000800294c                DMA1_Channel7_IRQHandler
                0x000000000800294c                CAN1_RX1_IRQHandler
                0x000000000800294c                UART5_IRQHandler
                0x000000000800294c                DMA2_Channel1_IRQHandler
                0x000000000800294c                I2C1_EV_IRQHandler
                0x000000000800294c                DMAMUX1_OVR_IRQHandler
                0x000000000800294c                DMA1_Channel6_IRQHandler
                0x000000000800294c                UART4_IRQHandler
                0x000000000800294c                DMA2_Channel4_IRQHandler
                0x000000000800294c                TIM3_IRQHandler
                0x000000000800294c                RCC_IRQHandler
                0x000000000800294c                DMA1_Channel1_IRQHandler
                0x000000000800294c                Default_Handler
                0x000000000800294c                DMA2_Channel7_IRQHandler
                0x000000000800294c                TIM7_IRQHandler
                0x000000000800294c                SDMMC1_IRQHandler
                0x000000000800294c                TIM5_IRQHandler
                0x000000000800294c                I2C3_EV_IRQHandler
                0x000000000800294c                EXTI9_5_IRQHandler
                0x000000000800294c                RTC_WKUP_IRQHandler
                0x000000000800294c                LTDC_IRQHandler
                0x000000000800294c                PVD_PVM_IRQHandler
                0x000000000800294c                SPI2_IRQHandler
                0x000000000800294c                CAN1_TX_IRQHandler
                0x000000000800294c                DMA2_Channel5_IRQHandler
                0x000000000800294c                CRS_IRQHandler
                0x000000000800294c                DMA1_Channel5_IRQHandler
                0x000000000800294c                EXTI4_IRQHandler
                0x000000000800294c                RNG_IRQHandler
                0x000000000800294c                TIM1_TRG_COM_TIM17_IRQHandler
                0x000000000800294c                DMA1_Channel3_IRQHandler
                0x000000000800294c                COMP_IRQHandler
                0x000000000800294c                WWDG_IRQHandler
                0x000000000800294c                I2C4_EV_IRQHandler
                0x000000000800294c                DMA2_Channel6_IRQHandler
                0x000000000800294c                TIM2_IRQHandler
                0x000000000800294c                DMA2D_IRQHandler
                0x000000000800294c                EXTI1_IRQHandler
                0x000000000800294c                USART2_IRQHandler
                0x000000000800294c                DFSDM1_FLT0_IRQHandler
                0x000000000800294c                I2C2_ER_IRQHandler
                0x000000000800294c                DMA1_Channel2_IRQHandler
                0x000000000800294c                TIM8_BRK_IRQHandler
                0x000000000800294c                CAN1_SCE_IRQHandler
                0x000000000800294c                FLASH_IRQHandler
                0x000000000800294c                OTG_FS_IRQHandler
                0x000000000800294c                SPI3_IRQHandler
                0x000000000800294c                I2C1_ER_IRQHandler
                0x000000000800294c                FMC_IRQHandler
                0x000000000800294c                LPTIM1_IRQHandler
                0x000000000800294c                I2C4_ER_IRQHandler
                0x000000000800294c                SAI1_IRQHandler
                0x000000000800294c                DMA2_Channel3_IRQHandler
                0x000000000800294c                TIM1_BRK_TIM15_IRQHandler
 .text.HAL_Init
                0x000000000800294e       0x30 Drivers/STM32L4xx_HAL_Driver/Src/stm32l4xx_hal.o
                0x000000000800294e                HAL_Init
 *fill*         0x000000000800297e        0x2 
 .text.HAL_InitTick
                0x0000000008002980       0x74 Drivers/STM32L4xx_HAL_Driver/Src/stm32l4xx_hal.o
                0x0000000008002980                HAL_InitTick
 .text.HAL_IncTick
                0x00000000080029f4       0x24 Drivers/STM32L4xx_HAL_Driver/Src/stm32l4xx_hal.o
                0x00000000080029f4                HAL_IncTick
 .text.HAL_GetTick
                0x0000000008002a18       0x18 Drivers/STM32L4xx_HAL_Driver/Src/stm32l4xx_hal.o
                0x0000000008002a18                HAL_GetTick
 .text.HAL_Delay
                0x0000000008002a30       0x44 Drivers/STM32L4xx_HAL_Driver/Src/stm32l4xx_hal.o
                0x0000000008002a30                HAL_Delay
 .text.__NVIC_SetPriorityGrouping
                0x0000000008002a74       0x48 Drivers/STM32L4xx_HAL_Driver/Src/stm32l4xx_hal_cortex.o
 .text.__NVIC_GetPriorityGrouping
                0x0000000008002abc       0x1c Drivers/STM32L4xx_HAL_Driver/Src/stm32l4xx_hal_cortex.o
 .text.__NVIC_EnableIRQ
                0x0000000008002ad8       0x3c Drivers/STM32L4xx_HAL_Driver/Src/stm32l4xx_hal_cortex.o
 .text.__NVIC_SetPriority
                0x0000000008002b14       0x54 Drivers/STM32L4xx_HAL_Driver/Src/stm32l4xx_hal_cortex.o
 .text.NVIC_EncodePriority
                0x0000000008002b68       0x66 Drivers/STM32L4xx_HAL_Driver/Src/stm32l4xx_hal_cortex.o
 *fill*         0x0000000008002bce        0x2 
 .text.SysTick_Config
                0x0000000008002bd0       0x44 Drivers/STM32L4xx_HAL_Driver/Src/stm32l4xx_hal_cortex.o
 .text.HAL_NVIC_SetPriorityGrouping
                0x0000000008002c14       0x16 Drivers/STM32L4xx_HAL_Driver/Src/stm32l4xx_hal_cortex.o
                0x0000000008002c14                HAL_NVIC_SetPriorityGrouping
 .text.HAL_NVIC_SetPriority
                0x0000000008002c2a       0x38 Drivers/STM32L4xx_HAL_Driver/Src/stm32l4xx_hal_cortex.o
                0x0000000008002c2a                HAL_NVIC_SetPriority
 .text.HAL_NVIC_EnableIRQ
                0x0000000008002c62       0x1c Drivers/STM32L4xx_HAL_Driver/Src/stm32l4xx_hal_cortex.o
                0x0000000008002c62                HAL_NVIC_EnableIRQ
 .text.HAL_SYSTICK_Config
                0x0000000008002c7e       0x18 Drivers/STM32L4xx_HAL_Driver/Src/stm32l4xx_hal_cortex.o
                0x0000000008002c7e                HAL_SYSTICK_Config
 .text.HAL_DMA_Abort_IT
                0x0000000008002c96       0xbe Drivers/STM32L4xx_HAL_Driver/Src/stm32l4xx_hal_dma.o
                0x0000000008002c96                HAL_DMA_Abort_IT
 .text.HAL_GPIO_Init
                0x0000000008002d54      0x324 Drivers/STM32L4xx_HAL_Driver/Src/stm32l4xx_hal_gpio.o
                0x0000000008002d54                HAL_GPIO_Init
 .text.HAL_GPIO_WritePin
                0x0000000008003078       0x30 Drivers/STM32L4xx_HAL_Driver/Src/stm32l4xx_hal_gpio.o
                0x0000000008003078                HAL_GPIO_WritePin
 .text.HAL_GPIO_EXTI_IRQHandler
                0x00000000080030a8       0x30 Drivers/STM32L4xx_HAL_Driver/Src/stm32l4xx_hal_gpio.o
                0x00000000080030a8                HAL_GPIO_EXTI_IRQHandler
 .text.HAL_PCD_Init
                0x00000000080030d8      0x248 Drivers/STM32L4xx_HAL_Driver/Src/stm32l4xx_hal_pcd.o
                0x00000000080030d8                HAL_PCD_Init
 .text.HAL_PCDEx_ActivateLPM
                0x0000000008003320       0x48 Drivers/STM32L4xx_HAL_Driver/Src/stm32l4xx_hal_pcd_ex.o
                0x0000000008003320                HAL_PCDEx_ActivateLPM
 .text.HAL_PWREx_GetVoltageRange
                0x0000000008003368       0x40 Drivers/STM32L4xx_HAL_Driver/Src/stm32l4xx_hal_pwr_ex.o
                0x0000000008003368                HAL_PWREx_GetVoltageRange
 .text.HAL_PWREx_ControlVoltageScaling
                0x00000000080033a8      0x148 Drivers/STM32L4xx_HAL_Driver/Src/stm32l4xx_hal_pwr_ex.o
                0x00000000080033a8                HAL_PWREx_ControlVoltageScaling
 .text.HAL_PWREx_EnableVddUSB
                0x00000000080034f0       0x20 Drivers/STM32L4xx_HAL_Driver/Src/stm32l4xx_hal_pwr_ex.o
                0x00000000080034f0                HAL_PWREx_EnableVddUSB
 .text.HAL_PWREx_EnableVddIO2
                0x0000000008003510       0x20 Drivers/STM32L4xx_HAL_Driver/Src/stm32l4xx_hal_pwr_ex.o
                0x0000000008003510                HAL_PWREx_EnableVddIO2
 .text.HAL_RCC_OscConfig
                0x0000000008003530      0x7dc Drivers/STM32L4xx_HAL_Driver/Src/stm32l4xx_hal_rcc.o
                0x0000000008003530                HAL_RCC_OscConfig
 .text.HAL_RCC_ClockConfig
                0x0000000008003d0c      0x258 Drivers/STM32L4xx_HAL_Driver/Src/stm32l4xx_hal_rcc.o
                0x0000000008003d0c                HAL_RCC_ClockConfig
 .text.HAL_RCC_GetSysClockFreq
                0x0000000008003f64      0x114 Drivers/STM32L4xx_HAL_Driver/Src/stm32l4xx_hal_rcc.o
                0x0000000008003f64                HAL_RCC_GetSysClockFreq
 .text.HAL_RCC_GetHCLKFreq
                0x0000000008004078       0x18 Drivers/STM32L4xx_HAL_Driver/Src/stm32l4xx_hal_rcc.o
                0x0000000008004078                HAL_RCC_GetHCLKFreq
 .text.HAL_RCC_GetPCLK1Freq
                0x0000000008004090       0x2c Drivers/STM32L4xx_HAL_Driver/Src/stm32l4xx_hal_rcc.o
                0x0000000008004090                HAL_RCC_GetPCLK1Freq
 .text.HAL_RCC_GetPCLK2Freq
                0x00000000080040bc       0x2c Drivers/STM32L4xx_HAL_Driver/Src/stm32l4xx_hal_rcc.o
                0x00000000080040bc                HAL_RCC_GetPCLK2Freq
 .text.RCC_SetFlashLatencyFromMSIRange
                0x00000000080040e8       0xb4 Drivers/STM32L4xx_HAL_Driver/Src/stm32l4xx_hal_rcc.o
 .text.RCC_GetSysClockFreqFromPLLSource
                0x000000000800419c       0xd0 Drivers/STM32L4xx_HAL_Driver/Src/stm32l4xx_hal_rcc.o
 .text.HAL_RCCEx_PeriphCLKConfig
                0x000000000800426c      0x650 Drivers/STM32L4xx_HAL_Driver/Src/stm32l4xx_hal_rcc_ex.o
                0x000000000800426c                HAL_RCCEx_PeriphCLKConfig
 .text.RCCEx_PLLSAI1_Config
                0x00000000080048bc      0x1e0 Drivers/STM32L4xx_HAL_Driver/Src/stm32l4xx_hal_rcc_ex.o
 .text.RCCEx_PLLSAI2_Config
                0x0000000008004a9c      0x1e0 Drivers/STM32L4xx_HAL_Driver/Src/stm32l4xx_hal_rcc_ex.o
 .text.HAL_TIM_Base_Init
                0x0000000008004c7c       0x56 Drivers/STM32L4xx_HAL_Driver/Src/stm32l4xx_hal_tim.o
                0x0000000008004c7c                HAL_TIM_Base_Init
 *fill*         0x0000000008004cd2        0x2 
 .text.HAL_TIM_Base_Start_IT
                0x0000000008004cd4       0x54 Drivers/STM32L4xx_HAL_Driver/Src/stm32l4xx_hal_tim.o
                0x0000000008004cd4                HAL_TIM_Base_Start_IT
 .text.HAL_TIM_Base_Stop_IT
                0x0000000008004d28       0x56 Drivers/STM32L4xx_HAL_Driver/Src/stm32l4xx_hal_tim.o
                0x0000000008004d28                HAL_TIM_Base_Stop_IT
 .text.HAL_TIM_PWM_Init
                0x0000000008004d7e       0x56 Drivers/STM32L4xx_HAL_Driver/Src/stm32l4xx_hal_tim.o
                0x0000000008004d7e                HAL_TIM_PWM_Init
 .text.HAL_TIM_PWM_MspInit
                0x0000000008004dd4       0x14 Drivers/STM32L4xx_HAL_Driver/Src/stm32l4xx_hal_tim.o
                0x0000000008004dd4                HAL_TIM_PWM_MspInit
 .text.HAL_TIM_PWM_Start
                0x0000000008004de8       0xb0 Drivers/STM32L4xx_HAL_Driver/Src/stm32l4xx_hal_tim.o
                0x0000000008004de8                HAL_TIM_PWM_Start
 .text.HAL_TIM_PWM_Stop
                0x0000000008004e98       0xdc Drivers/STM32L4xx_HAL_Driver/Src/stm32l4xx_hal_tim.o
                0x0000000008004e98                HAL_TIM_PWM_Stop
 .text.HAL_TIM_Encoder_Init
                0x0000000008004f74      0x124 Drivers/STM32L4xx_HAL_Driver/Src/stm32l4xx_hal_tim.o
                0x0000000008004f74                HAL_TIM_Encoder_Init
 .text.HAL_TIM_Encoder_Start
                0x0000000008005098       0x6e Drivers/STM32L4xx_HAL_Driver/Src/stm32l4xx_hal_tim.o
                0x0000000008005098                HAL_TIM_Encoder_Start
 .text.HAL_TIM_Encoder_Stop
                0x0000000008005106       0x8e Drivers/STM32L4xx_HAL_Driver/Src/stm32l4xx_hal_tim.o
                0x0000000008005106                HAL_TIM_Encoder_Stop
 .text.HAL_TIM_IRQHandler
                0x0000000008005194      0x23e Drivers/STM32L4xx_HAL_Driver/Src/stm32l4xx_hal_tim.o
                0x0000000008005194                HAL_TIM_IRQHandler
 *fill*         0x00000000080053d2        0x2 
 .text.HAL_TIM_PWM_ConfigChannel
                0x00000000080053d4      0x230 Drivers/STM32L4xx_HAL_Driver/Src/stm32l4xx_hal_tim.o
                0x00000000080053d4                HAL_TIM_PWM_ConfigChannel
 .text.HAL_TIM_ConfigClockSource
                0x0000000008005604      0x172 Drivers/STM32L4xx_HAL_Driver/Src/stm32l4xx_hal_tim.o
                0x0000000008005604                HAL_TIM_ConfigClockSource
 .text.HAL_TIM_OC_DelayElapsedCallback
                0x0000000008005776       0x14 Drivers/STM32L4xx_HAL_Driver/Src/stm32l4xx_hal_tim.o
                0x0000000008005776                HAL_TIM_OC_DelayElapsedCallback
 .text.HAL_TIM_IC_CaptureCallback
                0x000000000800578a       0x14 Drivers/STM32L4xx_HAL_Driver/Src/stm32l4xx_hal_tim.o
                0x000000000800578a                HAL_TIM_IC_CaptureCallback
 .text.HAL_TIM_PWM_PulseFinishedCallback
                0x000000000800579e       0x14 Drivers/STM32L4xx_HAL_Driver/Src/stm32l4xx_hal_tim.o
                0x000000000800579e                HAL_TIM_PWM_PulseFinishedCallback
 .text.HAL_TIM_TriggerCallback
                0x00000000080057b2       0x14 Drivers/STM32L4xx_HAL_Driver/Src/stm32l4xx_hal_tim.o
                0x00000000080057b2                HAL_TIM_TriggerCallback
 *fill*         0x00000000080057c6        0x2 
 .text.TIM_Base_SetConfig
                0x00000000080057c8      0x134 Drivers/STM32L4xx_HAL_Driver/Src/stm32l4xx_hal_tim.o
                0x00000000080057c8                TIM_Base_SetConfig
 .text.TIM_OC1_SetConfig
                0x00000000080058fc      0x120 Drivers/STM32L4xx_HAL_Driver/Src/stm32l4xx_hal_tim.o
 .text.TIM_OC2_SetConfig
                0x0000000008005a1c      0x114 Drivers/STM32L4xx_HAL_Driver/Src/stm32l4xx_hal_tim.o
                0x0000000008005a1c                TIM_OC2_SetConfig
 .text.TIM_OC3_SetConfig
                0x0000000008005b30      0x110 Drivers/STM32L4xx_HAL_Driver/Src/stm32l4xx_hal_tim.o
 .text.TIM_OC4_SetConfig
                0x0000000008005c40       0xd4 Drivers/STM32L4xx_HAL_Driver/Src/stm32l4xx_hal_tim.o
 .text.TIM_OC5_SetConfig
                0x0000000008005d14       0xc8 Drivers/STM32L4xx_HAL_Driver/Src/stm32l4xx_hal_tim.o
 .text.TIM_OC6_SetConfig
                0x0000000008005ddc       0xcc Drivers/STM32L4xx_HAL_Driver/Src/stm32l4xx_hal_tim.o
 .text.TIM_TI1_ConfigInputStage
                0x0000000008005ea8       0x5e Drivers/STM32L4xx_HAL_Driver/Src/stm32l4xx_hal_tim.o
 .text.TIM_TI2_ConfigInputStage
                0x0000000008005f06       0x60 Drivers/STM32L4xx_HAL_Driver/Src/stm32l4xx_hal_tim.o
 .text.TIM_ITRx_SetConfig
                0x0000000008005f66       0x36 Drivers/STM32L4xx_HAL_Driver/Src/stm32l4xx_hal_tim.o
 .text.TIM_ETR_SetConfig
                0x0000000008005f9c       0x40 Drivers/STM32L4xx_HAL_Driver/Src/stm32l4xx_hal_tim.o
                0x0000000008005f9c                TIM_ETR_SetConfig
 .text.TIM_CCxChannelCmd
                0x0000000008005fdc       0x4a Drivers/STM32L4xx_HAL_Driver/Src/stm32l4xx_hal_tim.o
                0x0000000008005fdc                TIM_CCxChannelCmd
 *fill*         0x0000000008006026        0x2 
 .text.HAL_TIMEx_MasterConfigSynchronization
                0x0000000008006028       0xb8 Drivers/STM32L4xx_HAL_Driver/Src/stm32l4xx_hal_tim_ex.o
                0x0000000008006028                HAL_TIMEx_MasterConfigSynchronization
 .text.HAL_TIMEx_CommutCallback
                0x00000000080060e0       0x14 Drivers/STM32L4xx_HAL_Driver/Src/stm32l4xx_hal_tim_ex.o
                0x00000000080060e0                HAL_TIMEx_CommutCallback
 .text.HAL_TIMEx_BreakCallback
                0x00000000080060f4       0x14 Drivers/STM32L4xx_HAL_Driver/Src/stm32l4xx_hal_tim_ex.o
                0x00000000080060f4                HAL_TIMEx_BreakCallback
 .text.HAL_TIMEx_Break2Callback
                0x0000000008006108       0x14 Drivers/STM32L4xx_HAL_Driver/Src/stm32l4xx_hal_tim_ex.o
                0x0000000008006108                HAL_TIMEx_Break2Callback
 .text.HAL_UART_Init
                0x000000000800611c       0xa0 Drivers/STM32L4xx_HAL_Driver/Src/stm32l4xx_hal_uart.o
                0x000000000800611c                HAL_UART_Init
 .text.HAL_UART_Transmit
                0x00000000080061bc      0x12e Drivers/STM32L4xx_HAL_Driver/Src/stm32l4xx_hal_uart.o
                0x00000000080061bc                HAL_UART_Transmit
 *fill*         0x00000000080062ea        0x2 
 .text.HAL_UART_Receive_IT
                0x00000000080062ec      0x1b0 Drivers/STM32L4xx_HAL_Driver/Src/stm32l4xx_hal_uart.o
                0x00000000080062ec                HAL_UART_Receive_IT
 .text.HAL_UART_IRQHandler
                0x000000000800649c      0x2cc Drivers/STM32L4xx_HAL_Driver/Src/stm32l4xx_hal_uart.o
                0x000000000800649c                HAL_UART_IRQHandler
 .text.HAL_UART_TxCpltCallback
                0x0000000008006768       0x14 Drivers/STM32L4xx_HAL_Driver/Src/stm32l4xx_hal_uart.o
                0x0000000008006768                HAL_UART_TxCpltCallback
 .text.HAL_UART_GetError
                0x000000000800677c       0x1a Drivers/STM32L4xx_HAL_Driver/Src/stm32l4xx_hal_uart.o
                0x000000000800677c                HAL_UART_GetError
 *fill*         0x0000000008006796        0x2 
 .text.UART_SetConfig
                0x0000000008006798     0x1380 Drivers/STM32L4xx_HAL_Driver/Src/stm32l4xx_hal_uart.o
                0x0000000008006798                UART_SetConfig
 .text.UART_AdvFeatureConfig
                0x0000000008007b18      0x144 Drivers/STM32L4xx_HAL_Driver/Src/stm32l4xx_hal_uart.o
                0x0000000008007b18                UART_AdvFeatureConfig
 .text.UART_CheckIdleState
                0x0000000008007c5c       0x90 Drivers/STM32L4xx_HAL_Driver/Src/stm32l4xx_hal_uart.o
                0x0000000008007c5c                UART_CheckIdleState
 .text.UART_WaitOnFlagUntilTimeout
                0x0000000008007cec       0x94 Drivers/STM32L4xx_HAL_Driver/Src/stm32l4xx_hal_uart.o
                0x0000000008007cec                UART_WaitOnFlagUntilTimeout
 .text.UART_EndRxTransfer
                0x0000000008007d80       0x46 Drivers/STM32L4xx_HAL_Driver/Src/stm32l4xx_hal_uart.o
 .text.UART_DMAAbortOnError
                0x0000000008007dc6       0x2c Drivers/STM32L4xx_HAL_Driver/Src/stm32l4xx_hal_uart.o
 .text.UART_EndTransmit_IT
                0x0000000008007df2       0x34 Drivers/STM32L4xx_HAL_Driver/Src/stm32l4xx_hal_uart.o
 .text.UART_RxISR_8BIT
                0x0000000008007e26       0xae Drivers/STM32L4xx_HAL_Driver/Src/stm32l4xx_hal_uart.o
 .text.UART_RxISR_16BIT
                0x0000000008007ed4       0xae Drivers/STM32L4xx_HAL_Driver/Src/stm32l4xx_hal_uart.o
 *fill*         0x0000000008007f82        0x2 
 .text.UART_RxISR_8BIT_FIFOEN
                0x0000000008007f84      0x10c Drivers/STM32L4xx_HAL_Driver/Src/stm32l4xx_hal_uart.o
 .text.UART_RxISR_16BIT_FIFOEN
                0x0000000008008090      0x10c Drivers/STM32L4xx_HAL_Driver/Src/stm32l4xx_hal_uart.o
 .text.HAL_UARTEx_WakeupCallback
                0x000000000800819c       0x14 Drivers/STM32L4xx_HAL_Driver/Src/stm32l4xx_hal_uart_ex.o
                0x000000000800819c                HAL_UARTEx_WakeupCallback
 .text.HAL_UARTEx_RxFifoFullCallback
                0x00000000080081b0       0x14 Drivers/STM32L4xx_HAL_Driver/Src/stm32l4xx_hal_uart_ex.o
                0x00000000080081b0                HAL_UARTEx_RxFifoFullCallback
 .text.HAL_UARTEx_TxFifoEmptyCallback
                0x00000000080081c4       0x14 Drivers/STM32L4xx_HAL_Driver/Src/stm32l4xx_hal_uart_ex.o
                0x00000000080081c4                HAL_UARTEx_TxFifoEmptyCallback
 .text.HAL_UARTEx_DisableFifoMode
                0x00000000080081d8       0x72 Drivers/STM32L4xx_HAL_Driver/Src/stm32l4xx_hal_uart_ex.o
                0x00000000080081d8                HAL_UARTEx_DisableFifoMode
 .text.HAL_UARTEx_SetTxFifoThreshold
                0x000000000800824a       0x7c Drivers/STM32L4xx_HAL_Driver/Src/stm32l4xx_hal_uart_ex.o
                0x000000000800824a                HAL_UARTEx_SetTxFifoThreshold
 .text.HAL_UARTEx_SetRxFifoThreshold
                0x00000000080082c6       0x7c Drivers/STM32L4xx_HAL_Driver/Src/stm32l4xx_hal_uart_ex.o
                0x00000000080082c6                HAL_UARTEx_SetRxFifoThreshold
 *fill*         0x0000000008008342        0x2 
 .text.UARTEx_SetNbDataToProcess
                0x0000000008008344       0xd0 Drivers/STM32L4xx_HAL_Driver/Src/stm32l4xx_hal_uart_ex.o
 .text.USB_CoreInit
                0x0000000008008414       0xa4 Drivers/STM32L4xx_HAL_Driver/Src/stm32l4xx_ll_usb.o
                0x0000000008008414                USB_CoreInit
 .text.USB_DisableGlobalInt
                0x00000000080084b8       0x22 Drivers/STM32L4xx_HAL_Driver/Src/stm32l4xx_ll_usb.o
                0x00000000080084b8                USB_DisableGlobalInt
 .text.USB_SetCurrentMode
                0x00000000080084da       0x54 Drivers/STM32L4xx_HAL_Driver/Src/stm32l4xx_ll_usb.o
                0x00000000080084da                USB_SetCurrentMode
 *fill*         0x000000000800852e        0x2 
 .text.USB_DevInit
                0x0000000008008530      0x284 Drivers/STM32L4xx_HAL_Driver/Src/stm32l4xx_ll_usb.o
                0x0000000008008530                USB_DevInit
 .text.USB_FlushTxFifo
                0x00000000080087b4       0x4c Drivers/STM32L4xx_HAL_Driver/Src/stm32l4xx_ll_usb.o
                0x00000000080087b4                USB_FlushTxFifo
 .text.USB_FlushRxFifo
                0x0000000008008800       0x44 Drivers/STM32L4xx_HAL_Driver/Src/stm32l4xx_ll_usb.o
                0x0000000008008800                USB_FlushRxFifo
 .text.USB_SetDevSpeed
                0x0000000008008844       0x32 Drivers/STM32L4xx_HAL_Driver/Src/stm32l4xx_ll_usb.o
                0x0000000008008844                USB_SetDevSpeed
 .text.USB_DevDisconnect
                0x0000000008008876       0x30 Drivers/STM32L4xx_HAL_Driver/Src/stm32l4xx_ll_usb.o
                0x0000000008008876                USB_DevDisconnect
 *fill*         0x00000000080088a6        0x2 
 .text.USB_CoreReset
                0x00000000080088a8       0x68 Drivers/STM32L4xx_HAL_Driver/Src/stm32l4xx_ll_usb.o
 .text.__libc_init_array
                0x0000000008008910       0x48 c:/programfiles/stm32cubeide_1.0.1/stm32cubeide/plugins/com.st.stm32cube.ide.mcu.externaltools.gnu-tools-for-stm32.7-2018-q2-update.win32_1.0.0.201904181610/tools/bin/../lib/gcc/arm-none-eabi/7.3.1/../../../../arm-none-eabi/lib/thumb/v7e-m/fpv4-sp/hard\libc_nano.a(lib_a-init.o)
                0x0000000008008910                __libc_init_array
 .text.memset   0x0000000008008958       0x10 c:/programfiles/stm32cubeide_1.0.1/stm32cubeide/plugins/com.st.stm32cube.ide.mcu.externaltools.gnu-tools-for-stm32.7-2018-q2-update.win32_1.0.0.201904181610/tools/bin/../lib/gcc/arm-none-eabi/7.3.1/../../../../arm-none-eabi/lib/thumb/v7e-m/fpv4-sp/hard\libc_nano.a(lib_a-memset.o)
                0x0000000008008958                memset
 *(.glue_7)
 .glue_7        0x0000000008008968        0x0 linker stubs
 *(.glue_7t)
 .glue_7t       0x0000000008008968        0x0 linker stubs
 *(.eh_frame)
 .eh_frame      0x0000000008008968        0x0 c:/programfiles/stm32cubeide_1.0.1/stm32cubeide/plugins/com.st.stm32cube.ide.mcu.externaltools.gnu-tools-for-stm32.7-2018-q2-update.win32_1.0.0.201904181610/tools/bin/../lib/gcc/arm-none-eabi/7.3.1/thumb/v7e-m/fpv4-sp/hard/crtbegin.o
 *(.init)
 .init          0x0000000008008968        0x4 c:/programfiles/stm32cubeide_1.0.1/stm32cubeide/plugins/com.st.stm32cube.ide.mcu.externaltools.gnu-tools-for-stm32.7-2018-q2-update.win32_1.0.0.201904181610/tools/bin/../lib/gcc/arm-none-eabi/7.3.1/thumb/v7e-m/fpv4-sp/hard/crti.o
                0x0000000008008968                _init
 .init          0x000000000800896c        0x8 c:/programfiles/stm32cubeide_1.0.1/stm32cubeide/plugins/com.st.stm32cube.ide.mcu.externaltools.gnu-tools-for-stm32.7-2018-q2-update.win32_1.0.0.201904181610/tools/bin/../lib/gcc/arm-none-eabi/7.3.1/thumb/v7e-m/fpv4-sp/hard/crtn.o
 *(.fini)
 .fini          0x0000000008008974        0x4 c:/programfiles/stm32cubeide_1.0.1/stm32cubeide/plugins/com.st.stm32cube.ide.mcu.externaltools.gnu-tools-for-stm32.7-2018-q2-update.win32_1.0.0.201904181610/tools/bin/../lib/gcc/arm-none-eabi/7.3.1/thumb/v7e-m/fpv4-sp/hard/crti.o
                0x0000000008008974                _fini
 .fini          0x0000000008008978        0x8 c:/programfiles/stm32cubeide_1.0.1/stm32cubeide/plugins/com.st.stm32cube.ide.mcu.externaltools.gnu-tools-for-stm32.7-2018-q2-update.win32_1.0.0.201904181610/tools/bin/../lib/gcc/arm-none-eabi/7.3.1/thumb/v7e-m/fpv4-sp/hard/crtn.o
                0x0000000008008980                . = ALIGN (0x4)
                0x0000000008008980                _etext = .

.vfp11_veneer   0x0000000008008980        0x0
 .vfp11_veneer  0x0000000008008980        0x0 linker stubs

.v4_bx          0x0000000008008980        0x0
 .v4_bx         0x0000000008008980        0x0 linker stubs

.iplt           0x0000000008008980        0x0
 .iplt          0x0000000008008980        0x0 c:/programfiles/stm32cubeide_1.0.1/stm32cubeide/plugins/com.st.stm32cube.ide.mcu.externaltools.gnu-tools-for-stm32.7-2018-q2-update.win32_1.0.0.201904181610/tools/bin/../lib/gcc/arm-none-eabi/7.3.1/thumb/v7e-m/fpv4-sp/hard/crtbegin.o

.rodata         0x0000000008008980       0x58
                0x0000000008008980                . = ALIGN (0x4)
 *(.rodata)
 .rodata        0x0000000008008980       0x10 Drivers/STM32L4xx_HAL_Driver/Src/stm32l4xx_hal_uart_ex.o
 *(.rodata*)
 .rodata.AHBPrescTable
                0x0000000008008990       0x10 Core/Src/system_stm32l4xx.o
                0x0000000008008990                AHBPrescTable
 .rodata.APBPrescTable
                0x00000000080089a0        0x8 Core/Src/system_stm32l4xx.o
                0x00000000080089a0                APBPrescTable
 .rodata.MSIRangeTable
                0x00000000080089a8       0x30 Core/Src/system_stm32l4xx.o
                0x00000000080089a8                MSIRangeTable
                0x00000000080089d8                . = ALIGN (0x4)

.ARM.extab      0x00000000080089d8        0x0
                0x00000000080089d8                . = ALIGN (0x4)
 *(.ARM.extab* .gnu.linkonce.armextab.*)
                0x00000000080089d8                . = ALIGN (0x4)

.ARM            0x00000000080089d8        0x8
                0x00000000080089d8                . = ALIGN (0x4)
                0x00000000080089d8                __exidx_start = .
 *(.ARM.exidx*)
 .ARM.exidx     0x00000000080089d8        0x8 c:/programfiles/stm32cubeide_1.0.1/stm32cubeide/plugins/com.st.stm32cube.ide.mcu.externaltools.gnu-tools-for-stm32.7-2018-q2-update.win32_1.0.0.201904181610/tools/bin/../lib/gcc/arm-none-eabi/7.3.1/thumb/v7e-m/fpv4-sp/hard\libgcc.a(_udivmoddi4.o)
                0x00000000080089e0                __exidx_end = .
                0x00000000080089e0                . = ALIGN (0x4)

.rel.dyn        0x00000000080089e0        0x0
 .rel.iplt      0x00000000080089e0        0x0 c:/programfiles/stm32cubeide_1.0.1/stm32cubeide/plugins/com.st.stm32cube.ide.mcu.externaltools.gnu-tools-for-stm32.7-2018-q2-update.win32_1.0.0.201904181610/tools/bin/../lib/gcc/arm-none-eabi/7.3.1/thumb/v7e-m/fpv4-sp/hard/crtbegin.o

.preinit_array  0x00000000080089e0        0x0
                0x00000000080089e0                . = ALIGN (0x4)
                0x00000000080089e0                PROVIDE (__preinit_array_start = .)
 *(.preinit_array*)
                0x00000000080089e0                PROVIDE (__preinit_array_end = .)
                0x00000000080089e0                . = ALIGN (0x4)

.init_array     0x00000000080089e0        0x4
                0x00000000080089e0                . = ALIGN (0x4)
                0x00000000080089e0                PROVIDE (__init_array_start = .)
 *(SORT_BY_NAME(.init_array.*))
 *(.init_array*)
 .init_array    0x00000000080089e0        0x4 c:/programfiles/stm32cubeide_1.0.1/stm32cubeide/plugins/com.st.stm32cube.ide.mcu.externaltools.gnu-tools-for-stm32.7-2018-q2-update.win32_1.0.0.201904181610/tools/bin/../lib/gcc/arm-none-eabi/7.3.1/thumb/v7e-m/fpv4-sp/hard/crtbegin.o
                0x00000000080089e4                PROVIDE (__init_array_end = .)
                0x00000000080089e4                . = ALIGN (0x4)

.fini_array     0x00000000080089e4        0x4
                0x00000000080089e4                . = ALIGN (0x4)
                [!provide]                        PROVIDE (__fini_array_start = .)
 *(SORT_BY_NAME(.fini_array.*))
 *(.fini_array*)
 .fini_array    0x00000000080089e4        0x4 c:/programfiles/stm32cubeide_1.0.1/stm32cubeide/plugins/com.st.stm32cube.ide.mcu.externaltools.gnu-tools-for-stm32.7-2018-q2-update.win32_1.0.0.201904181610/tools/bin/../lib/gcc/arm-none-eabi/7.3.1/thumb/v7e-m/fpv4-sp/hard/crtbegin.o
                [!provide]                        PROVIDE (__fini_array_end = .)
                0x00000000080089e8                . = ALIGN (0x4)
                0x00000000080089e8                _sidata = LOADADDR (.data)

.data           0x0000000020000000       0x1c load address 0x00000000080089e8
                0x0000000020000000                . = ALIGN (0x4)
                0x0000000020000000                _sdata = .
 *(.data)
 *(.data*)
 .data.txack    0x0000000020000000        0x1 Core/Src/Driver/UART.o
                0x0000000020000000                txack
 *fill*         0x0000000020000001        0x3 
 .data.gainv    0x0000000020000004        0x4 Core/Src/main.o
                0x0000000020000004                gainv
 .data.gainp    0x0000000020000008        0x4 Core/Src/main.o
                0x0000000020000008                gainp
 .data.Motorstatus
                0x000000002000000c        0x1 Core/Src/main.o
                0x000000002000000c                Motorstatus
 .data.Motormode
                0x000000002000000d        0x1 Core/Src/main.o
                0x000000002000000d                Motormode
 *fill*         0x000000002000000e        0x2 
 .data.SystemCoreClock
                0x0000000020000010        0x4 Core/Src/system_stm32l4xx.o
                0x0000000020000010                SystemCoreClock
 .data.uwTickPrio
                0x0000000020000014        0x4 Drivers/STM32L4xx_HAL_Driver/Src/stm32l4xx_hal.o
                0x0000000020000014                uwTickPrio
 .data.uwTickFreq
                0x0000000020000018        0x4 Drivers/STM32L4xx_HAL_Driver/Src/stm32l4xx_hal.o
                0x0000000020000018                uwTickFreq
                0x000000002000001c                . = ALIGN (0x4)
                0x000000002000001c                _edata = .

.igot.plt       0x000000002000001c        0x0 load address 0x0000000008008a04
 .igot.plt      0x000000002000001c        0x0 c:/programfiles/stm32cubeide_1.0.1/stm32cubeide/plugins/com.st.stm32cube.ide.mcu.externaltools.gnu-tools-for-stm32.7-2018-q2-update.win32_1.0.0.201904181610/tools/bin/../lib/gcc/arm-none-eabi/7.3.1/thumb/v7e-m/fpv4-sp/hard/crtbegin.o
                0x000000002000001c                . = ALIGN (0x4)

.bss            0x000000002000001c      0x76c load address 0x0000000008008a04
                0x000000002000001c                _sbss = .
                0x000000002000001c                __bss_start__ = _sbss
 *(.bss)
 .bss           0x000000002000001c       0x1c c:/programfiles/stm32cubeide_1.0.1/stm32cubeide/plugins/com.st.stm32cube.ide.mcu.externaltools.gnu-tools-for-stm32.7-2018-q2-update.win32_1.0.0.201904181610/tools/bin/../lib/gcc/arm-none-eabi/7.3.1/thumb/v7e-m/fpv4-sp/hard/crtbegin.o
 *(.bss*)
 .bss.e0        0x0000000020000038        0x4 Core/Src/App/PID_Controller.o
                0x0000000020000038                e0
 .bss.e1        0x000000002000003c        0x4 Core/Src/App/PID_Controller.o
                0x000000002000003c                e1
 .bss.e2        0x0000000020000040        0x4 Core/Src/App/PID_Controller.o
                0x0000000020000040                e2
 .bss.u0        0x0000000020000044        0x4 Core/Src/App/PID_Controller.o
                0x0000000020000044                u0
 .bss.u1        0x0000000020000048        0x4 Core/Src/App/PID_Controller.o
                0x0000000020000048                u1
 .bss.txnak     0x000000002000004c        0x1 Core/Src/Driver/UART.o
                0x000000002000004c                txnak
 .bss.txindex   0x000000002000004d        0x1 Core/Src/Driver/UART.o
                0x000000002000004d                txindex
 .bss.rxnak     0x000000002000004e        0x1 Core/Src/Driver/UART.o
                0x000000002000004e                rxnak
 *fill*         0x000000002000004f        0x1 
 .bss.charNum.9304
                0x0000000020000050        0x4 Core/Src/Driver/UART.o
 .bss.falsetransmit
                0x0000000020000054        0x1 Core/Src/main.o
                0x0000000020000054                falsetransmit
 *fill*         0x0000000020000055        0x3 
 .bss.starttick
                0x0000000020000058        0x4 Core/Src/main.o
                0x0000000020000058                starttick
 .bss.setpoint  0x000000002000005c        0x4 Core/Src/main.o
                0x000000002000005c                setpoint
 .bss.realtime  0x0000000020000060        0x4 Core/Src/main.o
                0x0000000020000060                realtime
 .bss.kp        0x0000000020000064        0x4 Core/Src/main.o
                0x0000000020000064                kp
 .bss.ki        0x0000000020000068        0x4 Core/Src/main.o
                0x0000000020000068                ki
 .bss.kd        0x000000002000006c        0x4 Core/Src/main.o
                0x000000002000006c                kd
 .bss.Encount   0x0000000020000070        0x4 Core/Src/main.o
                0x0000000020000070                Encount
 .bss.Pwmduty   0x0000000020000074        0x4 Core/Src/main.o
                0x0000000020000074                Pwmduty
 *(COMMON)
 COMMON         0x0000000020000078      0x70c Core/Src/main.o
                0x0000000020000078                InBuffer
                0x0000000020000084                htim4
                0x00000000200000c4                huart3
                0x0000000020000150                hpcd_USB_OTG_FS
                0x0000000020000558                htim5
                0x0000000020000598                htim3
                0x00000000200005d8                hlpuart1
                0x0000000020000664                huart1
                0x00000000200006f0                htim6
                0x0000000020000730                Buffer
                0x000000002000073c                Instruction
                0x0000000020000744                htim2
 COMMON         0x0000000020000784        0x4 Drivers/STM32L4xx_HAL_Driver/Src/stm32l4xx_hal.o
                0x0000000020000784                uwTick
                0x0000000020000788                . = ALIGN (0x4)
                0x0000000020000788                _ebss = .
                0x0000000020000788                __bss_end__ = _ebss

._user_heap_stack
                0x0000000020000788      0x600 load address 0x0000000008008a04
                0x0000000020000788                . = ALIGN (0x8)
                0x0000000020000788                PROVIDE (end = .)
                [!provide]                        PROVIDE (_end = .)
                0x0000000020000988                . = (. + _Min_Heap_Size)
 *fill*         0x0000000020000788      0x200 
                0x0000000020000d88                . = (. + _Min_Stack_Size)
 *fill*         0x0000000020000988      0x400 
                0x0000000020000d88                . = ALIGN (0x8)

/DISCARD/
 libc.a(*)
 libm.a(*)
 libgcc.a(*)

.ARM.attributes
                0x0000000000000000       0x30
 *(.ARM.attributes)
 .ARM.attributes
                0x0000000000000000       0x22 c:/programfiles/stm32cubeide_1.0.1/stm32cubeide/plugins/com.st.stm32cube.ide.mcu.externaltools.gnu-tools-for-stm32.7-2018-q2-update.win32_1.0.0.201904181610/tools/bin/../lib/gcc/arm-none-eabi/7.3.1/thumb/v7e-m/fpv4-sp/hard/crti.o
 .ARM.attributes
                0x0000000000000022       0x34 c:/programfiles/stm32cubeide_1.0.1/stm32cubeide/plugins/com.st.stm32cube.ide.mcu.externaltools.gnu-tools-for-stm32.7-2018-q2-update.win32_1.0.0.201904181610/tools/bin/../lib/gcc/arm-none-eabi/7.3.1/thumb/v7e-m/fpv4-sp/hard/crtbegin.o
 .ARM.attributes
                0x0000000000000056       0x39 Core/Src/App/PID_Controller.o
 .ARM.attributes
                0x000000000000008f       0x39 Core/Src/Driver/Encoder_Counting.o
 .ARM.attributes
                0x00000000000000c8       0x39 Core/Src/Driver/PWM_Generating.o
 .ARM.attributes
                0x0000000000000101       0x39 Core/Src/Driver/UART.o
 .ARM.attributes
                0x000000000000013a       0x39 Core/Src/main.o
 .ARM.attributes
                0x0000000000000173       0x39 Core/Src/stm32l4xx_hal_msp.o
 .ARM.attributes
                0x00000000000001ac       0x39 Core/Src/stm32l4xx_it.o
 .ARM.attributes
                0x00000000000001e5       0x39 Core/Src/system_stm32l4xx.o
 .ARM.attributes
                0x000000000000021e       0x21 Core/Startup/startup_stm32l4r5zitx.o
 .ARM.attributes
                0x000000000000023f       0x39 Drivers/STM32L4xx_HAL_Driver/Src/stm32l4xx_hal.o
 .ARM.attributes
                0x0000000000000278       0x39 Drivers/STM32L4xx_HAL_Driver/Src/stm32l4xx_hal_cortex.o
 .ARM.attributes
                0x00000000000002b1       0x39 Drivers/STM32L4xx_HAL_Driver/Src/stm32l4xx_hal_dma.o
 .ARM.attributes
                0x00000000000002ea       0x39 Drivers/STM32L4xx_HAL_Driver/Src/stm32l4xx_hal_gpio.o
 .ARM.attributes
                0x0000000000000323       0x39 Drivers/STM32L4xx_HAL_Driver/Src/stm32l4xx_hal_pcd.o
 .ARM.attributes
                0x000000000000035c       0x39 Drivers/STM32L4xx_HAL_Driver/Src/stm32l4xx_hal_pcd_ex.o
 .ARM.attributes
                0x0000000000000395       0x39 Drivers/STM32L4xx_HAL_Driver/Src/stm32l4xx_hal_pwr_ex.o
 .ARM.attributes
                0x00000000000003ce       0x39 Drivers/STM32L4xx_HAL_Driver/Src/stm32l4xx_hal_rcc.o
 .ARM.attributes
                0x0000000000000407       0x39 Drivers/STM32L4xx_HAL_Driver/Src/stm32l4xx_hal_rcc_ex.o
 .ARM.attributes
                0x0000000000000440       0x39 Drivers/STM32L4xx_HAL_Driver/Src/stm32l4xx_hal_tim.o
 .ARM.attributes
                0x0000000000000479       0x39 Drivers/STM32L4xx_HAL_Driver/Src/stm32l4xx_hal_tim_ex.o
 .ARM.attributes
                0x00000000000004b2       0x39 Drivers/STM32L4xx_HAL_Driver/Src/stm32l4xx_hal_uart.o
 .ARM.attributes
                0x00000000000004eb       0x39 Drivers/STM32L4xx_HAL_Driver/Src/stm32l4xx_hal_uart_ex.o
 .ARM.attributes
                0x0000000000000524       0x39 Drivers/STM32L4xx_HAL_Driver/Src/stm32l4xx_ll_usb.o
 .ARM.attributes
                0x000000000000055d       0x34 c:/programfiles/stm32cubeide_1.0.1/stm32cubeide/plugins/com.st.stm32cube.ide.mcu.externaltools.gnu-tools-for-stm32.7-2018-q2-update.win32_1.0.0.201904181610/tools/bin/../lib/gcc/arm-none-eabi/7.3.1/../../../../arm-none-eabi/lib/thumb/v7e-m/fpv4-sp/hard\libc_nano.a(lib_a-init.o)
 .ARM.attributes
                0x0000000000000591       0x34 c:/programfiles/stm32cubeide_1.0.1/stm32cubeide/plugins/com.st.stm32cube.ide.mcu.externaltools.gnu-tools-for-stm32.7-2018-q2-update.win32_1.0.0.201904181610/tools/bin/../lib/gcc/arm-none-eabi/7.3.1/../../../../arm-none-eabi/lib/thumb/v7e-m/fpv4-sp/hard\libc_nano.a(lib_a-memset.o)
 .ARM.attributes
                0x00000000000005c5       0x22 c:/programfiles/stm32cubeide_1.0.1/stm32cubeide/plugins/com.st.stm32cube.ide.mcu.externaltools.gnu-tools-for-stm32.7-2018-q2-update.win32_1.0.0.201904181610/tools/bin/../lib/gcc/arm-none-eabi/7.3.1/thumb/v7e-m/fpv4-sp/hard\libgcc.a(_arm_addsubdf3.o)
 .ARM.attributes
                0x00000000000005e7       0x22 c:/programfiles/stm32cubeide_1.0.1/stm32cubeide/plugins/com.st.stm32cube.ide.mcu.externaltools.gnu-tools-for-stm32.7-2018-q2-update.win32_1.0.0.201904181610/tools/bin/../lib/gcc/arm-none-eabi/7.3.1/thumb/v7e-m/fpv4-sp/hard\libgcc.a(_arm_muldivdf3.o)
 .ARM.attributes
                0x0000000000000609       0x22 c:/programfiles/stm32cubeide_1.0.1/stm32cubeide/plugins/com.st.stm32cube.ide.mcu.externaltools.gnu-tools-for-stm32.7-2018-q2-update.win32_1.0.0.201904181610/tools/bin/../lib/gcc/arm-none-eabi/7.3.1/thumb/v7e-m/fpv4-sp/hard\libgcc.a(_arm_fixdfsi.o)
 .ARM.attributes
                0x000000000000062b       0x22 c:/programfiles/stm32cubeide_1.0.1/stm32cubeide/plugins/com.st.stm32cube.ide.mcu.externaltools.gnu-tools-for-stm32.7-2018-q2-update.win32_1.0.0.201904181610/tools/bin/../lib/gcc/arm-none-eabi/7.3.1/thumb/v7e-m/fpv4-sp/hard\libgcc.a(_arm_truncdfsf2.o)
 .ARM.attributes
                0x000000000000064d       0x22 c:/programfiles/stm32cubeide_1.0.1/stm32cubeide/plugins/com.st.stm32cube.ide.mcu.externaltools.gnu-tools-for-stm32.7-2018-q2-update.win32_1.0.0.201904181610/tools/bin/../lib/gcc/arm-none-eabi/7.3.1/thumb/v7e-m/fpv4-sp/hard\libgcc.a(_aeabi_uldivmod.o)
 .ARM.attributes
                0x000000000000066f       0x34 c:/programfiles/stm32cubeide_1.0.1/stm32cubeide/plugins/com.st.stm32cube.ide.mcu.externaltools.gnu-tools-for-stm32.7-2018-q2-update.win32_1.0.0.201904181610/tools/bin/../lib/gcc/arm-none-eabi/7.3.1/thumb/v7e-m/fpv4-sp/hard\libgcc.a(_udivmoddi4.o)
 .ARM.attributes
                0x00000000000006a3       0x22 c:/programfiles/stm32cubeide_1.0.1/stm32cubeide/plugins/com.st.stm32cube.ide.mcu.externaltools.gnu-tools-for-stm32.7-2018-q2-update.win32_1.0.0.201904181610/tools/bin/../lib/gcc/arm-none-eabi/7.3.1/thumb/v7e-m/fpv4-sp/hard\libgcc.a(_dvmd_tls.o)
 .ARM.attributes
                0x00000000000006c5       0x22 c:/programfiles/stm32cubeide_1.0.1/stm32cubeide/plugins/com.st.stm32cube.ide.mcu.externaltools.gnu-tools-for-stm32.7-2018-q2-update.win32_1.0.0.201904181610/tools/bin/../lib/gcc/arm-none-eabi/7.3.1/thumb/v7e-m/fpv4-sp/hard/crtn.o
OUTPUT(DCMotorFullset.elf elf32-littlearm)

.debug_info     0x0000000000000000    0x16b88
 .debug_info    0x0000000000000000      0x3d8 Core/Src/App/PID_Controller.o
 .debug_info    0x00000000000003d8      0x8ce Core/Src/Driver/Encoder_Counting.o
 .debug_info    0x0000000000000ca6      0xa3d Core/Src/Driver/PWM_Generating.o
 .debug_info    0x00000000000016e3     0x1206 Core/Src/Driver/UART.o
 .debug_info    0x00000000000028e9     0x2185 Core/Src/main.o
 .debug_info    0x0000000000004a6e     0x191f Core/Src/stm32l4xx_hal_msp.o
 .debug_info    0x000000000000638d      0xcac Core/Src/stm32l4xx_it.o
 .debug_info    0x0000000000007039      0x710 Core/Src/system_stm32l4xx.o
 .debug_info    0x0000000000007749       0x22 Core/Startup/startup_stm32l4r5zitx.o
 .debug_info    0x000000000000776b      0xc1f Drivers/STM32L4xx_HAL_Driver/Src/stm32l4xx_hal.o
 .debug_info    0x000000000000838a      0xf54 Drivers/STM32L4xx_HAL_Driver/Src/stm32l4xx_hal_cortex.o
 .debug_info    0x00000000000092de      0xa0e Drivers/STM32L4xx_HAL_Driver/Src/stm32l4xx_hal_dma.o
 .debug_info    0x0000000000009cec      0x99c Drivers/STM32L4xx_HAL_Driver/Src/stm32l4xx_hal_gpio.o
 .debug_info    0x000000000000a688     0x1281 Drivers/STM32L4xx_HAL_Driver/Src/stm32l4xx_hal_pcd.o
 .debug_info    0x000000000000b909      0x9d5 Drivers/STM32L4xx_HAL_Driver/Src/stm32l4xx_hal_pcd_ex.o
 .debug_info    0x000000000000c2de      0xb66 Drivers/STM32L4xx_HAL_Driver/Src/stm32l4xx_hal_pwr_ex.o
 .debug_info    0x000000000000ce44      0xdff Drivers/STM32L4xx_HAL_Driver/Src/stm32l4xx_hal_rcc.o
 .debug_info    0x000000000000dc43     0x11ed Drivers/STM32L4xx_HAL_Driver/Src/stm32l4xx_hal_rcc_ex.o
 .debug_info    0x000000000000ee30     0x2773 Drivers/STM32L4xx_HAL_Driver/Src/stm32l4xx_hal_tim.o
 .debug_info    0x00000000000115a3     0x14de Drivers/STM32L4xx_HAL_Driver/Src/stm32l4xx_hal_tim_ex.o
 .debug_info    0x0000000000012a81     0x1a1f Drivers/STM32L4xx_HAL_Driver/Src/stm32l4xx_hal_uart.o
 .debug_info    0x00000000000144a0      0xcd3 Drivers/STM32L4xx_HAL_Driver/Src/stm32l4xx_hal_uart_ex.o
 .debug_info    0x0000000000015173     0x1a15 Drivers/STM32L4xx_HAL_Driver/Src/stm32l4xx_ll_usb.o

.debug_abbrev   0x0000000000000000     0x2cb4
 .debug_abbrev  0x0000000000000000      0x158 Core/Src/App/PID_Controller.o
 .debug_abbrev  0x0000000000000158      0x198 Core/Src/Driver/Encoder_Counting.o
 .debug_abbrev  0x00000000000002f0      0x18a Core/Src/Driver/PWM_Generating.o
 .debug_abbrev  0x000000000000047a      0x274 Core/Src/Driver/UART.o
 .debug_abbrev  0x00000000000006ee      0x2b4 Core/Src/main.o
 .debug_abbrev  0x00000000000009a2      0x216 Core/Src/stm32l4xx_hal_msp.o
 .debug_abbrev  0x0000000000000bb8      0x172 Core/Src/stm32l4xx_it.o
 .debug_abbrev  0x0000000000000d2a      0x150 Core/Src/system_stm32l4xx.o
 .debug_abbrev  0x0000000000000e7a       0x12 Core/Startup/startup_stm32l4r5zitx.o
 .debug_abbrev  0x0000000000000e8c      0x1fb Drivers/STM32L4xx_HAL_Driver/Src/stm32l4xx_hal.o
 .debug_abbrev  0x0000000000001087      0x2fa Drivers/STM32L4xx_HAL_Driver/Src/stm32l4xx_hal_cortex.o
 .debug_abbrev  0x0000000000001381      0x1d9 Drivers/STM32L4xx_HAL_Driver/Src/stm32l4xx_hal_dma.o
 .debug_abbrev  0x000000000000155a      0x1c0 Drivers/STM32L4xx_HAL_Driver/Src/stm32l4xx_hal_gpio.o
 .debug_abbrev  0x000000000000171a      0x266 Drivers/STM32L4xx_HAL_Driver/Src/stm32l4xx_hal_pcd.o
 .debug_abbrev  0x0000000000001980      0x214 Drivers/STM32L4xx_HAL_Driver/Src/stm32l4xx_hal_pcd_ex.o
 .debug_abbrev  0x0000000000001b94      0x1cb Drivers/STM32L4xx_HAL_Driver/Src/stm32l4xx_hal_pwr_ex.o
 .debug_abbrev  0x0000000000001d5f      0x27b Drivers/STM32L4xx_HAL_Driver/Src/stm32l4xx_hal_rcc.o
 .debug_abbrev  0x0000000000001fda      0x238 Drivers/STM32L4xx_HAL_Driver/Src/stm32l4xx_hal_rcc_ex.o
 .debug_abbrev  0x0000000000002212      0x230 Drivers/STM32L4xx_HAL_Driver/Src/stm32l4xx_hal_tim.o
 .debug_abbrev  0x0000000000002442      0x21e Drivers/STM32L4xx_HAL_Driver/Src/stm32l4xx_hal_tim_ex.o
 .debug_abbrev  0x0000000000002660      0x205 Drivers/STM32L4xx_HAL_Driver/Src/stm32l4xx_hal_uart.o
 .debug_abbrev  0x0000000000002865      0x1e2 Drivers/STM32L4xx_HAL_Driver/Src/stm32l4xx_hal_uart_ex.o
 .debug_abbrev  0x0000000000002a47      0x26d Drivers/STM32L4xx_HAL_Driver/Src/stm32l4xx_ll_usb.o

.debug_aranges  0x0000000000000000     0x13f0
 .debug_aranges
                0x0000000000000000       0x30 Core/Src/App/PID_Controller.o
 .debug_aranges
                0x0000000000000030       0x30 Core/Src/Driver/Encoder_Counting.o
 .debug_aranges
                0x0000000000000060       0x28 Core/Src/Driver/PWM_Generating.o
 .debug_aranges
                0x0000000000000088       0x70 Core/Src/Driver/UART.o
 .debug_aranges
                0x00000000000000f8       0xa0 Core/Src/main.o
 .debug_aranges
                0x0000000000000198       0x68 Core/Src/stm32l4xx_hal_msp.o
 .debug_aranges
                0x0000000000000200       0x88 Core/Src/stm32l4xx_it.o
 .debug_aranges
                0x0000000000000288       0x28 Core/Src/system_stm32l4xx.o
 .debug_aranges
                0x00000000000002b0       0x28 Core/Startup/startup_stm32l4r5zitx.o
 .debug_aranges
                0x00000000000002d8      0x130 Drivers/STM32L4xx_HAL_Driver/Src/stm32l4xx_hal.o
 .debug_aranges
                0x0000000000000408      0x118 Drivers/STM32L4xx_HAL_Driver/Src/stm32l4xx_hal_cortex.o
 .debug_aranges
                0x0000000000000520       0x90 Drivers/STM32L4xx_HAL_Driver/Src/stm32l4xx_hal_dma.o
 .debug_aranges
                0x00000000000005b0       0x58 Drivers/STM32L4xx_HAL_Driver/Src/stm32l4xx_hal_gpio.o
 .debug_aranges
                0x0000000000000608      0x130 Drivers/STM32L4xx_HAL_Driver/Src/stm32l4xx_hal_pcd.o
 .debug_aranges
                0x0000000000000738       0x60 Drivers/STM32L4xx_HAL_Driver/Src/stm32l4xx_hal_pcd_ex.o
 .debug_aranges
                0x0000000000000798      0x168 Drivers/STM32L4xx_HAL_Driver/Src/stm32l4xx_hal_pwr_ex.o
 .debug_aranges
                0x0000000000000900       0x90 Drivers/STM32L4xx_HAL_Driver/Src/stm32l4xx_hal_rcc.o
 .debug_aranges
                0x0000000000000990      0x108 Drivers/STM32L4xx_HAL_Driver/Src/stm32l4xx_hal_rcc_ex.o
 .debug_aranges
                0x0000000000000a98      0x3b8 Drivers/STM32L4xx_HAL_Driver/Src/stm32l4xx_hal_tim.o
 .debug_aranges
                0x0000000000000e50      0x168 Drivers/STM32L4xx_HAL_Driver/Src/stm32l4xx_hal_tim_ex.o
 .debug_aranges
                0x0000000000000fb8      0x218 Drivers/STM32L4xx_HAL_Driver/Src/stm32l4xx_hal_uart.o
 .debug_aranges
                0x00000000000011d0       0x88 Drivers/STM32L4xx_HAL_Driver/Src/stm32l4xx_hal_uart_ex.o
 .debug_aranges
                0x0000000000001258      0x198 Drivers/STM32L4xx_HAL_Driver/Src/stm32l4xx_ll_usb.o

.debug_ranges   0x0000000000000000     0x1368
 .debug_ranges  0x0000000000000000       0x20 Core/Src/App/PID_Controller.o
 .debug_ranges  0x0000000000000020       0x20 Core/Src/Driver/Encoder_Counting.o
 .debug_ranges  0x0000000000000040       0xf8 Core/Src/Driver/PWM_Generating.o
 .debug_ranges  0x0000000000000138       0x60 Core/Src/Driver/UART.o
 .debug_ranges  0x0000000000000198       0x90 Core/Src/main.o
 .debug_ranges  0x0000000000000228       0x58 Core/Src/stm32l4xx_hal_msp.o
 .debug_ranges  0x0000000000000280       0x78 Core/Src/stm32l4xx_it.o
 .debug_ranges  0x00000000000002f8       0x18 Core/Src/system_stm32l4xx.o
 .debug_ranges  0x0000000000000310       0x20 Core/Startup/startup_stm32l4r5zitx.o
 .debug_ranges  0x0000000000000330      0x120 Drivers/STM32L4xx_HAL_Driver/Src/stm32l4xx_hal.o
 .debug_ranges  0x0000000000000450      0x108 Drivers/STM32L4xx_HAL_Driver/Src/stm32l4xx_hal_cortex.o
 .debug_ranges  0x0000000000000558       0x80 Drivers/STM32L4xx_HAL_Driver/Src/stm32l4xx_hal_dma.o
 .debug_ranges  0x00000000000005d8       0x48 Drivers/STM32L4xx_HAL_Driver/Src/stm32l4xx_hal_gpio.o
 .debug_ranges  0x0000000000000620      0x120 Drivers/STM32L4xx_HAL_Driver/Src/stm32l4xx_hal_pcd.o
 .debug_ranges  0x0000000000000740       0x50 Drivers/STM32L4xx_HAL_Driver/Src/stm32l4xx_hal_pcd_ex.o
 .debug_ranges  0x0000000000000790      0x158 Drivers/STM32L4xx_HAL_Driver/Src/stm32l4xx_hal_pwr_ex.o
 .debug_ranges  0x00000000000008e8       0x80 Drivers/STM32L4xx_HAL_Driver/Src/stm32l4xx_hal_rcc.o
 .debug_ranges  0x0000000000000968       0xf8 Drivers/STM32L4xx_HAL_Driver/Src/stm32l4xx_hal_rcc_ex.o
 .debug_ranges  0x0000000000000a60      0x3a8 Drivers/STM32L4xx_HAL_Driver/Src/stm32l4xx_hal_tim.o
 .debug_ranges  0x0000000000000e08      0x158 Drivers/STM32L4xx_HAL_Driver/Src/stm32l4xx_hal_tim_ex.o
 .debug_ranges  0x0000000000000f60      0x208 Drivers/STM32L4xx_HAL_Driver/Src/stm32l4xx_hal_uart.o
 .debug_ranges  0x0000000000001168       0x78 Drivers/STM32L4xx_HAL_Driver/Src/stm32l4xx_hal_uart_ex.o
 .debug_ranges  0x00000000000011e0      0x188 Drivers/STM32L4xx_HAL_Driver/Src/stm32l4xx_ll_usb.o

.debug_macro    0x0000000000000000     0x3000
 .debug_macro   0x0000000000000000      0x22d Core/Src/App/PID_Controller.o
 .debug_macro   0x000000000000022d       0x10 Core/Src/App/PID_Controller.o
 .debug_macro   0x000000000000023d      0x228 Core/Src/Driver/Encoder_Counting.o
 .debug_macro   0x0000000000000465      0x22e Core/Src/Driver/PWM_Generating.o
 .debug_macro   0x0000000000000693      0x228 Core/Src/Driver/UART.o
 .debug_macro   0x00000000000008bb      0x23f Core/Src/main.o
 .debug_macro   0x0000000000000afa      0x224 Core/Src/stm32l4xx_hal_msp.o
 .debug_macro   0x0000000000000d1e      0x22e Core/Src/stm32l4xx_it.o
 .debug_macro   0x0000000000000f4c      0x21b Core/Src/system_stm32l4xx.o
 .debug_macro   0x0000000000001167      0x263 Drivers/STM32L4xx_HAL_Driver/Src/stm32l4xx_hal.o
 .debug_macro   0x00000000000013ca      0x215 Drivers/STM32L4xx_HAL_Driver/Src/stm32l4xx_hal_cortex.o
 .debug_macro   0x00000000000015df      0x215 Drivers/STM32L4xx_HAL_Driver/Src/stm32l4xx_hal_dma.o
 .debug_macro   0x00000000000017f4      0x254 Drivers/STM32L4xx_HAL_Driver/Src/stm32l4xx_hal_gpio.o
 .debug_macro   0x0000000000001a48      0x221 Drivers/STM32L4xx_HAL_Driver/Src/stm32l4xx_hal_pcd.o
 .debug_macro   0x0000000000001c69      0x215 Drivers/STM32L4xx_HAL_Driver/Src/stm32l4xx_hal_pcd_ex.o
 .debug_macro   0x0000000000001e7e      0x23f Drivers/STM32L4xx_HAL_Driver/Src/stm32l4xx_hal_pwr_ex.o
 .debug_macro   0x00000000000020bd      0x257 Drivers/STM32L4xx_HAL_Driver/Src/stm32l4xx_hal_rcc.o
 .debug_macro   0x0000000000002314      0x24b Drivers/STM32L4xx_HAL_Driver/Src/stm32l4xx_hal_rcc_ex.o
 .debug_macro   0x000000000000255f      0x216 Drivers/STM32L4xx_HAL_Driver/Src/stm32l4xx_hal_tim.o
 .debug_macro   0x0000000000002775      0x215 Drivers/STM32L4xx_HAL_Driver/Src/stm32l4xx_hal_tim_ex.o
 .debug_macro   0x000000000000298a      0x240 Drivers/STM32L4xx_HAL_Driver/Src/stm32l4xx_hal_uart.o
 .debug_macro   0x0000000000002bca      0x221 Drivers/STM32L4xx_HAL_Driver/Src/stm32l4xx_hal_uart_ex.o
 .debug_macro   0x0000000000002deb      0x215 Drivers/STM32L4xx_HAL_Driver/Src/stm32l4xx_ll_usb.o

.debug_line     0x0000000000000000    0x1078f
 .debug_line    0x0000000000000000      0x7c1 Core/Src/App/PID_Controller.o
 .debug_line    0x00000000000007c1      0x7bb Core/Src/Driver/Encoder_Counting.o
 .debug_line    0x0000000000000f7c      0x92f Core/Src/Driver/PWM_Generating.o
 .debug_line    0x00000000000018ab      0x921 Core/Src/Driver/UART.o
 .debug_line    0x00000000000021cc      0xaa4 Core/Src/main.o
 .debug_line    0x0000000000002c70      0x8c7 Core/Src/stm32l4xx_hal_msp.o
 .debug_line    0x0000000000003537      0x87a Core/Src/stm32l4xx_it.o
 .debug_line    0x0000000000003db1      0x7a7 Core/Src/system_stm32l4xx.o
 .debug_line    0x0000000000004558       0x85 Core/Startup/startup_stm32l4r5zitx.o
 .debug_line    0x00000000000045dd      0xa1a Drivers/STM32L4xx_HAL_Driver/Src/stm32l4xx_hal.o
 .debug_line    0x0000000000004ff7      0xaa5 Drivers/STM32L4xx_HAL_Driver/Src/stm32l4xx_hal_cortex.o
 .debug_line    0x0000000000005a9c      0x9f5 Drivers/STM32L4xx_HAL_Driver/Src/stm32l4xx_hal_dma.o
 .debug_line    0x0000000000006491      0x94a Drivers/STM32L4xx_HAL_Driver/Src/stm32l4xx_hal_gpio.o
 .debug_line    0x0000000000006ddb      0xc88 Drivers/STM32L4xx_HAL_Driver/Src/stm32l4xx_hal_pcd.o
 .debug_line    0x0000000000007a63      0x867 Drivers/STM32L4xx_HAL_Driver/Src/stm32l4xx_hal_pcd_ex.o
 .debug_line    0x00000000000082ca      0xb7e Drivers/STM32L4xx_HAL_Driver/Src/stm32l4xx_hal_pwr_ex.o
 .debug_line    0x0000000000008e48      0xac2 Drivers/STM32L4xx_HAL_Driver/Src/stm32l4xx_hal_rcc.o
 .debug_line    0x000000000000990a      0xeed Drivers/STM32L4xx_HAL_Driver/Src/stm32l4xx_hal_rcc_ex.o
 .debug_line    0x000000000000a7f7     0x1c17 Drivers/STM32L4xx_HAL_Driver/Src/stm32l4xx_hal_tim.o
 .debug_line    0x000000000000c40e      0xe68 Drivers/STM32L4xx_HAL_Driver/Src/stm32l4xx_hal_tim_ex.o
 .debug_line    0x000000000000d276     0x1ce1 Drivers/STM32L4xx_HAL_Driver/Src/stm32l4xx_hal_uart.o
 .debug_line    0x000000000000ef57      0x9eb Drivers/STM32L4xx_HAL_Driver/Src/stm32l4xx_hal_uart_ex.o
 .debug_line    0x000000000000f942      0xe4d Drivers/STM32L4xx_HAL_Driver/Src/stm32l4xx_ll_usb.o

.debug_str      0x0000000000000000   0x1054e1
 .debug_str     0x0000000000000000    0xff124 Core/Src/App/PID_Controller.o
                                      0xff3e0 (size before relaxing)
 .debug_str     0x00000000000ff124      0x47e Core/Src/Driver/Encoder_Counting.o
                                      0xff85e (size before relaxing)
 .debug_str     0x00000000000ff5a2       0xbd Core/Src/Driver/PWM_Generating.o
                                      0xff8cb (size before relaxing)
 .debug_str     0x00000000000ff65f      0x418 Core/Src/Driver/UART.o
                                      0xffc7a (size before relaxing)
 .debug_str     0x00000000000ffa77     0x10a9 Core/Src/main.o
                                     0x100d86 (size before relaxing)
 .debug_str     0x0000000000100b20      0x100 Core/Src/stm32l4xx_hal_msp.o
                                     0x100596 (size before relaxing)
 .debug_str     0x0000000000100c20      0x107 Core/Src/stm32l4xx_it.o
                                      0xffb8e (size before relaxing)
 .debug_str     0x0000000000100d27       0xcd Core/Src/system_stm32l4xx.o
                                      0xff224 (size before relaxing)
 .debug_str     0x0000000000100df4       0x36 Core/Startup/startup_stm32l4r5zitx.o
                                         0x6c (size before relaxing)
 .debug_str     0x0000000000100e2a      0x5b9 Drivers/STM32L4xx_HAL_Driver/Src/stm32l4xx_hal.o
                                      0xffd38 (size before relaxing)
 .debug_str     0x00000000001013e3      0x392 Drivers/STM32L4xx_HAL_Driver/Src/stm32l4xx_hal_cortex.o
                                      0xffaa1 (size before relaxing)
 .debug_str     0x0000000000101775      0x2a9 Drivers/STM32L4xx_HAL_Driver/Src/stm32l4xx_hal_dma.o
                                      0xff5ac (size before relaxing)
 .debug_str     0x0000000000101a1e      0x216 Drivers/STM32L4xx_HAL_Driver/Src/stm32l4xx_hal_gpio.o
                                      0xff4a4 (size before relaxing)
 .debug_str     0x0000000000101c34      0x531 Drivers/STM32L4xx_HAL_Driver/Src/stm32l4xx_hal_pcd.o
                                      0xff97b (size before relaxing)
 .debug_str     0x0000000000102165      0x1b9 Drivers/STM32L4xx_HAL_Driver/Src/stm32l4xx_hal_pcd_ex.o
                                      0xff5f3 (size before relaxing)
 .debug_str     0x000000000010231e      0x559 Drivers/STM32L4xx_HAL_Driver/Src/stm32l4xx_hal_pwr_ex.o
                                      0xff7d7 (size before relaxing)
 .debug_str     0x0000000000102877      0x3db Drivers/STM32L4xx_HAL_Driver/Src/stm32l4xx_hal_rcc.o
                                      0xff813 (size before relaxing)
 .debug_str     0x0000000000102c52      0x581 Drivers/STM32L4xx_HAL_Driver/Src/stm32l4xx_hal_rcc_ex.o
                                      0xffbc1 (size before relaxing)
 .debug_str     0x00000000001031d3      0xbf5 Drivers/STM32L4xx_HAL_Driver/Src/stm32l4xx_hal_tim.o
                                     0x10038c (size before relaxing)
 .debug_str     0x0000000000103dc8      0x5b0 Drivers/STM32L4xx_HAL_Driver/Src/stm32l4xx_hal_tim_ex.o
                                      0xffcad (size before relaxing)
 .debug_str     0x0000000000104378      0x86d Drivers/STM32L4xx_HAL_Driver/Src/stm32l4xx_hal_uart.o
                                      0xfff74 (size before relaxing)
 .debug_str     0x0000000000104be5      0x286 Drivers/STM32L4xx_HAL_Driver/Src/stm32l4xx_hal_uart_ex.o
                                      0xff80c (size before relaxing)
 .debug_str     0x0000000000104e6b      0x676 Drivers/STM32L4xx_HAL_Driver/Src/stm32l4xx_ll_usb.o
                                      0xffae2 (size before relaxing)

.comment        0x0000000000000000       0x7b
 .comment       0x0000000000000000       0x7b Core/Src/App/PID_Controller.o
                                         0x7c (size before relaxing)
 .comment       0x000000000000007b       0x7c Core/Src/Driver/Encoder_Counting.o
 .comment       0x000000000000007b       0x7c Core/Src/Driver/PWM_Generating.o
 .comment       0x000000000000007b       0x7c Core/Src/Driver/UART.o
 .comment       0x000000000000007b       0x7c Core/Src/main.o
 .comment       0x000000000000007b       0x7c Core/Src/stm32l4xx_hal_msp.o
 .comment       0x000000000000007b       0x7c Core/Src/stm32l4xx_it.o
 .comment       0x000000000000007b       0x7c Core/Src/system_stm32l4xx.o
 .comment       0x000000000000007b       0x7c Drivers/STM32L4xx_HAL_Driver/Src/stm32l4xx_hal.o
 .comment       0x000000000000007b       0x7c Drivers/STM32L4xx_HAL_Driver/Src/stm32l4xx_hal_cortex.o
 .comment       0x000000000000007b       0x7c Drivers/STM32L4xx_HAL_Driver/Src/stm32l4xx_hal_dma.o
 .comment       0x000000000000007b       0x7c Drivers/STM32L4xx_HAL_Driver/Src/stm32l4xx_hal_gpio.o
 .comment       0x000000000000007b       0x7c Drivers/STM32L4xx_HAL_Driver/Src/stm32l4xx_hal_pcd.o
 .comment       0x000000000000007b       0x7c Drivers/STM32L4xx_HAL_Driver/Src/stm32l4xx_hal_pcd_ex.o
 .comment       0x000000000000007b       0x7c Drivers/STM32L4xx_HAL_Driver/Src/stm32l4xx_hal_pwr_ex.o
 .comment       0x000000000000007b       0x7c Drivers/STM32L4xx_HAL_Driver/Src/stm32l4xx_hal_rcc.o
 .comment       0x000000000000007b       0x7c Drivers/STM32L4xx_HAL_Driver/Src/stm32l4xx_hal_rcc_ex.o
 .comment       0x000000000000007b       0x7c Drivers/STM32L4xx_HAL_Driver/Src/stm32l4xx_hal_tim.o
 .comment       0x000000000000007b       0x7c Drivers/STM32L4xx_HAL_Driver/Src/stm32l4xx_hal_tim_ex.o
 .comment       0x000000000000007b       0x7c Drivers/STM32L4xx_HAL_Driver/Src/stm32l4xx_hal_uart.o
 .comment       0x000000000000007b       0x7c Drivers/STM32L4xx_HAL_Driver/Src/stm32l4xx_hal_uart_ex.o
 .comment       0x000000000000007b       0x7c Drivers/STM32L4xx_HAL_Driver/Src/stm32l4xx_ll_usb.o

.debug_frame    0x0000000000000000     0x5508
 .debug_frame   0x0000000000000000       0x84 Core/Src/App/PID_Controller.o
 .debug_frame   0x0000000000000084       0x88 Core/Src/Driver/Encoder_Counting.o
 .debug_frame   0x000000000000010c       0x58 Core/Src/Driver/PWM_Generating.o
 .debug_frame   0x0000000000000164      0x1a4 Core/Src/Driver/UART.o
 .debug_frame   0x0000000000000308      0x258 Core/Src/main.o
 .debug_frame   0x0000000000000560      0x17c Core/Src/stm32l4xx_hal_msp.o
 .debug_frame   0x00000000000006dc      0x198 Core/Src/stm32l4xx_it.o
 .debug_frame   0x0000000000000874       0x58 Core/Src/system_stm32l4xx.o
 .debug_frame   0x00000000000008cc      0x498 Drivers/STM32L4xx_HAL_Driver/Src/stm32l4xx_hal.o
 .debug_frame   0x0000000000000d64      0x498 Drivers/STM32L4xx_HAL_Driver/Src/stm32l4xx_hal_cortex.o
 .debug_frame   0x00000000000011fc      0x24c Drivers/STM32L4xx_HAL_Driver/Src/stm32l4xx_hal_dma.o
 .debug_frame   0x0000000000001448      0x14c Drivers/STM32L4xx_HAL_Driver/Src/stm32l4xx_hal_gpio.o
 .debug_frame   0x0000000000001594      0x544 Drivers/STM32L4xx_HAL_Driver/Src/stm32l4xx_hal_pcd.o
 .debug_frame   0x0000000000001ad8      0x174 Drivers/STM32L4xx_HAL_Driver/Src/stm32l4xx_hal_pcd_ex.o
 .debug_frame   0x0000000000001c4c      0x5a4 Drivers/STM32L4xx_HAL_Driver/Src/stm32l4xx_hal_pwr_ex.o
 .debug_frame   0x00000000000021f0      0x220 Drivers/STM32L4xx_HAL_Driver/Src/stm32l4xx_hal_rcc.o
 .debug_frame   0x0000000000002410      0x43c Drivers/STM32L4xx_HAL_Driver/Src/stm32l4xx_hal_rcc_ex.o
 .debug_frame   0x000000000000284c     0x1148 Drivers/STM32L4xx_HAL_Driver/Src/stm32l4xx_hal_tim.o
 .debug_frame   0x0000000000003994      0x638 Drivers/STM32L4xx_HAL_Driver/Src/stm32l4xx_hal_tim_ex.o
 .debug_frame   0x0000000000003fcc      0x994 Drivers/STM32L4xx_HAL_Driver/Src/stm32l4xx_hal_uart.o
 .debug_frame   0x0000000000004960      0x22c Drivers/STM32L4xx_HAL_Driver/Src/stm32l4xx_hal_uart_ex.o
 .debug_frame   0x0000000000004b8c      0x78c Drivers/STM32L4xx_HAL_Driver/Src/stm32l4xx_ll_usb.o
 .debug_frame   0x0000000000005318       0x2c c:/programfiles/stm32cubeide_1.0.1/stm32cubeide/plugins/com.st.stm32cube.ide.mcu.externaltools.gnu-tools-for-stm32.7-2018-q2-update.win32_1.0.0.201904181610/tools/bin/../lib/gcc/arm-none-eabi/7.3.1/../../../../arm-none-eabi/lib/thumb/v7e-m/fpv4-sp/hard\libc_nano.a(lib_a-init.o)
 .debug_frame   0x0000000000005344       0x20 c:/programfiles/stm32cubeide_1.0.1/stm32cubeide/plugins/com.st.stm32cube.ide.mcu.externaltools.gnu-tools-for-stm32.7-2018-q2-update.win32_1.0.0.201904181610/tools/bin/../lib/gcc/arm-none-eabi/7.3.1/../../../../arm-none-eabi/lib/thumb/v7e-m/fpv4-sp/hard\libc_nano.a(lib_a-memset.o)
 .debug_frame   0x0000000000005364       0xac c:/programfiles/stm32cubeide_1.0.1/stm32cubeide/plugins/com.st.stm32cube.ide.mcu.externaltools.gnu-tools-for-stm32.7-2018-q2-update.win32_1.0.0.201904181610/tools/bin/../lib/gcc/arm-none-eabi/7.3.1/thumb/v7e-m/fpv4-sp/hard\libgcc.a(_arm_addsubdf3.o)
 .debug_frame   0x0000000000005410       0x50 c:/programfiles/stm32cubeide_1.0.1/stm32cubeide/plugins/com.st.stm32cube.ide.mcu.externaltools.gnu-tools-for-stm32.7-2018-q2-update.win32_1.0.0.201904181610/tools/bin/../lib/gcc/arm-none-eabi/7.3.1/thumb/v7e-m/fpv4-sp/hard\libgcc.a(_arm_muldivdf3.o)
 .debug_frame   0x0000000000005460       0x24 c:/programfiles/stm32cubeide_1.0.1/stm32cubeide/plugins/com.st.stm32cube.ide.mcu.externaltools.gnu-tools-for-stm32.7-2018-q2-update.win32_1.0.0.201904181610/tools/bin/../lib/gcc/arm-none-eabi/7.3.1/thumb/v7e-m/fpv4-sp/hard\libgcc.a(_arm_fixdfsi.o)
 .debug_frame   0x0000000000005484       0x24 c:/programfiles/stm32cubeide_1.0.1/stm32cubeide/plugins/com.st.stm32cube.ide.mcu.externaltools.gnu-tools-for-stm32.7-2018-q2-update.win32_1.0.0.201904181610/tools/bin/../lib/gcc/arm-none-eabi/7.3.1/thumb/v7e-m/fpv4-sp/hard\libgcc.a(_arm_truncdfsf2.o)
 .debug_frame   0x00000000000054a8       0x2c c:/programfiles/stm32cubeide_1.0.1/stm32cubeide/plugins/com.st.stm32cube.ide.mcu.externaltools.gnu-tools-for-stm32.7-2018-q2-update.win32_1.0.0.201904181610/tools/bin/../lib/gcc/arm-none-eabi/7.3.1/thumb/v7e-m/fpv4-sp/hard\libgcc.a(_aeabi_uldivmod.o)
 .debug_frame   0x00000000000054d4       0x34 c:/programfiles/stm32cubeide_1.0.1/stm32cubeide/plugins/com.st.stm32cube.ide.mcu.externaltools.gnu-tools-for-stm32.7-2018-q2-update.win32_1.0.0.201904181610/tools/bin/../lib/gcc/arm-none-eabi/7.3.1/thumb/v7e-m/fpv4-sp/hard\libgcc.a(_udivmoddi4.o)
