main.c:111:6:HAL_GPIO_EXTI_Callback	16	static
main.c:142:6:HAL_TIM_PeriodElapsedCallback	40	static
main.c:221:6:HAL_UART_ErrorCallback	16	static
main.c:229:6:HAL_UART_RxCpltCallback	32	static
main.c:425:5:main	24	static
main.c:484:6:SystemClock_Config	248	static
main.c:548:13:MX_LPUART1_UART_Init	8	static
main.c:592:13:MX_USART1_UART_Init	8	static
main.c:640:13:MX_USART3_UART_Init	8	static
main.c:688:13:MX_TIM2_Init	56	static
main.c:737:13:MX_TIM3_Init	64	static
main.c:796:13:MX_TIM4_Init	40	static
main.c:841:13:MX_TIM5_Init	40	static
main.c:886:13:MX_TIM6_Init	24	static
main.c:924:13:MX_USB_OTG_FS_PCD_Init	8	static
main.c:958:13:MX_GPIO_Init	56	static
main.c:1028:6:Error_Handler	4	static
